<?xml version="1.0"?>
<link_info>
   <banner>TI ARM Linker PC v5.2.5</banner>
   <copyright>Copyright (c) 1996-2015 Texas Instruments Incorporated</copyright>
   <link_time>0x56d67707</link_time>
   <link_errors>0x0</link_errors>
   <output_file>lab1_power.out</output_file>
   <entry_point>
      <name>_c_int00</name>
      <address>0x3159</address>
   </entry_point>
   <input_file_list>
      <input_file id="fl-2">
         <path>.\</path>
         <kind>object</kind>
         <file>lab1_power.obj</file>
         <name>lab1_power.obj</name>
      </input_file>
      <input_file id="fl-3">
         <path>.\</path>
         <kind>object</kind>
         <file>lab1_power_startup_ccs.obj</file>
         <name>lab1_power_startup_ccs.obj</name>
      </input_file>
      <input_file id="fl-4">
         <path>.\driverlib\</path>
         <kind>object</kind>
         <file>adc14.obj</file>
         <name>adc14.obj</name>
      </input_file>
      <input_file id="fl-5">
         <path>.\driverlib\</path>
         <kind>object</kind>
         <file>aes256.obj</file>
         <name>aes256.obj</name>
      </input_file>
      <input_file id="fl-6">
         <path>.\driverlib\</path>
         <kind>object</kind>
         <file>comp_e.obj</file>
         <name>comp_e.obj</name>
      </input_file>
      <input_file id="fl-7">
         <path>.\driverlib\</path>
         <kind>object</kind>
         <file>cpu.obj</file>
         <name>cpu.obj</name>
      </input_file>
      <input_file id="fl-8">
         <path>.\driverlib\</path>
         <kind>object</kind>
         <file>crc32.obj</file>
         <name>crc32.obj</name>
      </input_file>
      <input_file id="fl-9">
         <path>.\driverlib\</path>
         <kind>object</kind>
         <file>cs.obj</file>
         <name>cs.obj</name>
      </input_file>
      <input_file id="fl-a">
         <path>.\driverlib\</path>
         <kind>object</kind>
         <file>dma.obj</file>
         <name>dma.obj</name>
      </input_file>
      <input_file id="fl-b">
         <path>.\driverlib\</path>
         <kind>object</kind>
         <file>flash.obj</file>
         <name>flash.obj</name>
      </input_file>
      <input_file id="fl-c">
         <path>.\driverlib\</path>
         <kind>object</kind>
         <file>fpu.obj</file>
         <name>fpu.obj</name>
      </input_file>
      <input_file id="fl-d">
         <path>.\driverlib\</path>
         <kind>object</kind>
         <file>gpio.obj</file>
         <name>gpio.obj</name>
      </input_file>
      <input_file id="fl-e">
         <path>.\driverlib\</path>
         <kind>object</kind>
         <file>i2c.obj</file>
         <name>i2c.obj</name>
      </input_file>
      <input_file id="fl-f">
         <path>.\driverlib\</path>
         <kind>object</kind>
         <file>interrupt.obj</file>
         <name>interrupt.obj</name>
      </input_file>
      <input_file id="fl-10">
         <path>.\driverlib\</path>
         <kind>object</kind>
         <file>mpu.obj</file>
         <name>mpu.obj</name>
      </input_file>
      <input_file id="fl-11">
         <path>.\driverlib\</path>
         <kind>object</kind>
         <file>pcm.obj</file>
         <name>pcm.obj</name>
      </input_file>
      <input_file id="fl-12">
         <path>.\driverlib\</path>
         <kind>object</kind>
         <file>pmap.obj</file>
         <name>pmap.obj</name>
      </input_file>
      <input_file id="fl-13">
         <path>.\driverlib\</path>
         <kind>object</kind>
         <file>pss.obj</file>
         <name>pss.obj</name>
      </input_file>
      <input_file id="fl-14">
         <path>.\driverlib\</path>
         <kind>object</kind>
         <file>ref_a.obj</file>
         <name>ref_a.obj</name>
      </input_file>
      <input_file id="fl-15">
         <path>.\driverlib\</path>
         <kind>object</kind>
         <file>reset.obj</file>
         <name>reset.obj</name>
      </input_file>
      <input_file id="fl-16">
         <path>.\driverlib\</path>
         <kind>object</kind>
         <file>rtc_c.obj</file>
         <name>rtc_c.obj</name>
      </input_file>
      <input_file id="fl-17">
         <path>.\driverlib\</path>
         <kind>object</kind>
         <file>spi.obj</file>
         <name>spi.obj</name>
      </input_file>
      <input_file id="fl-18">
         <path>.\driverlib\</path>
         <kind>object</kind>
         <file>sysctl.obj</file>
         <name>sysctl.obj</name>
      </input_file>
      <input_file id="fl-19">
         <path>.\driverlib\</path>
         <kind>object</kind>
         <file>systick.obj</file>
         <name>systick.obj</name>
      </input_file>
      <input_file id="fl-1a">
         <path>.\driverlib\</path>
         <kind>object</kind>
         <file>timer32.obj</file>
         <name>timer32.obj</name>
      </input_file>
      <input_file id="fl-1b">
         <path>.\driverlib\</path>
         <kind>object</kind>
         <file>timer_a.obj</file>
         <name>timer_a.obj</name>
      </input_file>
      <input_file id="fl-1c">
         <path>.\driverlib\</path>
         <kind>object</kind>
         <file>uart.obj</file>
         <name>uart.obj</name>
      </input_file>
      <input_file id="fl-1d">
         <path>.\driverlib\</path>
         <kind>object</kind>
         <file>wdt_a.obj</file>
         <name>wdt_a.obj</name>
      </input_file>
      <input_file id="fl-143">
         <path>C:\ti\ccsv6\tools\compiler\ti-cgt-arm_5.2.5\lib\</path>
         <kind>archive</kind>
         <file>rtsv7M4_T_le_v4SPD16_eabi.lib</file>
         <name>boot.obj</name>
      </input_file>
      <input_file id="fl-144">
         <path>C:\ti\ccsv6\tools\compiler\ti-cgt-arm_5.2.5\lib\</path>
         <kind>archive</kind>
         <file>rtsv7M4_T_le_v4SPD16_eabi.lib</file>
         <name>copy_decompress_none.obj</name>
      </input_file>
      <input_file id="fl-145">
         <path>C:\ti\ccsv6\tools\compiler\ti-cgt-arm_5.2.5\lib\</path>
         <kind>archive</kind>
         <file>rtsv7M4_T_le_v4SPD16_eabi.lib</file>
         <name>copy_decompress_rle.obj</name>
      </input_file>
      <input_file id="fl-146">
         <path>C:\ti\ccsv6\tools\compiler\ti-cgt-arm_5.2.5\lib\</path>
         <kind>archive</kind>
         <file>rtsv7M4_T_le_v4SPD16_eabi.lib</file>
         <name>copy_zero_init.obj</name>
      </input_file>
      <input_file id="fl-147">
         <path>C:\ti\ccsv6\tools\compiler\ti-cgt-arm_5.2.5\lib\</path>
         <kind>archive</kind>
         <file>rtsv7M4_T_le_v4SPD16_eabi.lib</file>
         <name>exit.obj</name>
      </input_file>
      <input_file id="fl-148">
         <path>C:\ti\ccsv6\tools\compiler\ti-cgt-arm_5.2.5\lib\</path>
         <kind>archive</kind>
         <file>rtsv7M4_T_le_v4SPD16_eabi.lib</file>
         <name>fd_add_t2.obj</name>
      </input_file>
      <input_file id="fl-149">
         <path>C:\ti\ccsv6\tools\compiler\ti-cgt-arm_5.2.5\lib\</path>
         <kind>archive</kind>
         <file>rtsv7M4_T_le_v4SPD16_eabi.lib</file>
         <name>fd_div_t2.obj</name>
      </input_file>
      <input_file id="fl-14a">
         <path>C:\ti\ccsv6\tools\compiler\ti-cgt-arm_5.2.5\lib\</path>
         <kind>archive</kind>
         <file>rtsv7M4_T_le_v4SPD16_eabi.lib</file>
         <name>fd_mul_t2.obj</name>
      </input_file>
      <input_file id="fl-14b">
         <path>C:\ti\ccsv6\tools\compiler\ti-cgt-arm_5.2.5\lib\</path>
         <kind>archive</kind>
         <file>rtsv7M4_T_le_v4SPD16_eabi.lib</file>
         <name>fd_toi_t2.obj</name>
      </input_file>
      <input_file id="fl-14c">
         <path>C:\ti\ccsv6\tools\compiler\ti-cgt-arm_5.2.5\lib\</path>
         <kind>archive</kind>
         <file>rtsv7M4_T_le_v4SPD16_eabi.lib</file>
         <name>fs_tod_t2.obj</name>
      </input_file>
      <input_file id="fl-14d">
         <path>C:\ti\ccsv6\tools\compiler\ti-cgt-arm_5.2.5\lib\</path>
         <kind>archive</kind>
         <file>rtsv7M4_T_le_v4SPD16_eabi.lib</file>
         <name>i_tofd_t2.obj</name>
      </input_file>
      <input_file id="fl-14e">
         <path>C:\ti\ccsv6\tools\compiler\ti-cgt-arm_5.2.5\lib\</path>
         <kind>archive</kind>
         <file>rtsv7M4_T_le_v4SPD16_eabi.lib</file>
         <name>memcpy_t2.obj</name>
      </input_file>
      <input_file id="fl-14f">
         <path>C:\ti\ccsv6\tools\compiler\ti-cgt-arm_5.2.5\lib\</path>
         <kind>archive</kind>
         <file>rtsv7M4_T_le_v4SPD16_eabi.lib</file>
         <name>memset_t2.obj</name>
      </input_file>
      <input_file id="fl-150">
         <path>C:\ti\ccsv6\tools\compiler\ti-cgt-arm_5.2.5\lib\</path>
         <kind>archive</kind>
         <file>rtsv7M4_T_le_v4SPD16_eabi.lib</file>
         <name>pre_init.obj</name>
      </input_file>
      <input_file id="fl-151">
         <path>C:\ti\ccsv6\tools\compiler\ti-cgt-arm_5.2.5\lib\</path>
         <kind>archive</kind>
         <file>rtsv7M4_T_le_v4SPD16_eabi.lib</file>
         <name>stkdepth_vars.obj</name>
      </input_file>
      <input_file id="fl-152">
         <path>C:\ti\ccsv6\tools\compiler\ti-cgt-arm_5.2.5\lib\</path>
         <kind>archive</kind>
         <file>rtsv7M4_T_le_v4SPD16_eabi.lib</file>
         <name>_lock.obj</name>
      </input_file>
      <input_file id="fl-153">
         <path>C:\ti\ccsv6\tools\compiler\ti-cgt-arm_5.2.5\lib\</path>
         <kind>archive</kind>
         <file>rtsv7M4_T_le_v4SPD16_eabi.lib</file>
         <name>args_main.obj</name>
      </input_file>
      <input_file id="fl-154">
         <path>C:\ti\ccsv6\tools\compiler\ti-cgt-arm_5.2.5\lib\</path>
         <kind>archive</kind>
         <file>rtsv7M4_T_le_v4SPD16_eabi.lib</file>
         <name>autoinit.obj</name>
      </input_file>
      <input_file id="fl-155">
         <path>C:\ti\ccsv6\tools\compiler\ti-cgt-arm_5.2.5\lib\</path>
         <kind>archive</kind>
         <file>rtsv7M4_T_le_v4SPD16_eabi.lib</file>
         <name>cpy_tbl.obj</name>
      </input_file>
   </input_file_list>
   <object_component_list>
      <object_component id="oc-10">
         <name>.intvecs</name>
         <load_address>0x0</load_address>
         <run_address>0x0</run_address>
         <size>0x144</size>
         <input_file_ref idref="fl-3"/>
      </object_component>
      <object_component id="oc-88">
         <name>.text</name>
         <load_address>0x144</load_address>
         <run_address>0x144</run_address>
         <size>0xb98</size>
         <input_file_ref idref="fl-9"/>
      </object_component>
      <object_component id="oc-94">
         <name>.text</name>
         <load_address>0xcdc</load_address>
         <run_address>0xcdc</run_address>
         <size>0x71c</size>
         <input_file_ref idref="fl-1b"/>
      </object_component>
      <object_component id="oc-a0">
         <name>.text</name>
         <load_address>0x13f8</load_address>
         <run_address>0x13f8</run_address>
         <size>0x704</size>
         <input_file_ref idref="fl-11"/>
      </object_component>
      <object_component id="oc-8e">
         <name>.text</name>
         <load_address>0x1afc</load_address>
         <run_address>0x1afc</run_address>
         <size>0x488</size>
         <input_file_ref idref="fl-d"/>
      </object_component>
      <object_component id="oc-82">
         <name>.text</name>
         <load_address>0x1f84</load_address>
         <run_address>0x1f84</run_address>
         <size>0x3f0</size>
         <input_file_ref idref="fl-f"/>
      </object_component>
      <object_component id="oc-31">
         <name>.text</name>
         <load_address>0x2374</load_address>
         <run_address>0x2374</run_address>
         <size>0x390</size>
         <input_file_ref idref="fl-2"/>
      </object_component>
      <object_component id="oc-9a">
         <name>.text</name>
         <load_address>0x2704</load_address>
         <run_address>0x2704</run_address>
         <size>0x1d4</size>
         <input_file_ref idref="fl-13"/>
      </object_component>
      <object_component id="oc-a6">
         <name>.text</name>
         <load_address>0x28d8</load_address>
         <run_address>0x28d8</run_address>
         <size>0x1d0</size>
         <input_file_ref idref="fl-18"/>
      </object_component>
      <object_component id="oc-118">
         <name>.text</name>
         <load_address>0x2aa8</load_address>
         <run_address>0x2aa8</run_address>
         <size>0x1b6</size>
         <input_file_ref idref="fl-148"/>
      </object_component>
      <object_component id="oc-122">
         <name>.text</name>
         <load_address>0x2c5e</load_address>
         <run_address>0x2c5e</run_address>
         <size>0x136</size>
         <input_file_ref idref="fl-149"/>
      </object_component>
      <object_component id="oc-11d">
         <name>.text</name>
         <load_address>0x2d94</load_address>
         <run_address>0x2d94</run_address>
         <size>0xfc</size>
         <input_file_ref idref="fl-14a"/>
      </object_component>
      <object_component id="oc-7c">
         <name>.text</name>
         <load_address>0x2e90</load_address>
         <run_address>0x2e90</run_address>
         <size>0xd8</size>
         <input_file_ref idref="fl-1d"/>
      </object_component>
      <object_component id="oc-3a">
         <name>.text</name>
         <load_address>0x2f68</load_address>
         <run_address>0x2f68</run_address>
         <size>0x9c</size>
         <input_file_ref idref="fl-14e"/>
      </object_component>
      <object_component id="oc-53">
         <name>.text</name>
         <load_address>0x3004</load_address>
         <run_address>0x3004</run_address>
         <size>0x7a</size>
         <input_file_ref idref="fl-14f"/>
      </object_component>
      <object_component id="oc-65">
         <name>.text</name>
         <load_address>0x3080</load_address>
         <run_address>0x3080</run_address>
         <size>0x6c</size>
         <input_file_ref idref="fl-154"/>
      </object_component>
      <object_component id="oc-46">
         <name>.text</name>
         <load_address>0x30ec</load_address>
         <run_address>0x30ec</run_address>
         <size>0x6a</size>
         <input_file_ref idref="fl-145"/>
      </object_component>
      <object_component id="oc-25">
         <name>.text</name>
         <load_address>0x3158</load_address>
         <run_address>0x3158</run_address>
         <size>0x50</size>
         <input_file_ref idref="fl-143"/>
      </object_component>
      <object_component id="oc-e2">
         <name>.text</name>
         <load_address>0x31a8</load_address>
         <run_address>0x31a8</run_address>
         <size>0x4c</size>
         <input_file_ref idref="fl-155"/>
      </object_component>
      <object_component id="oc-127">
         <name>.text</name>
         <load_address>0x31f4</load_address>
         <run_address>0x31f4</run_address>
         <size>0x48</size>
         <input_file_ref idref="fl-14b"/>
      </object_component>
      <object_component id="oc-71">
         <name>.text</name>
         <load_address>0x323c</load_address>
         <run_address>0x323c</run_address>
         <size>0x44</size>
         <input_file_ref idref="fl-147"/>
      </object_component>
      <object_component id="oc-f9">
         <name>.text</name>
         <load_address>0x3280</load_address>
         <run_address>0x3280</run_address>
         <size>0x3e</size>
         <input_file_ref idref="fl-7"/>
      </object_component>
      <object_component id="oc-113">
         <name>.text</name>
         <load_address>0x32be</load_address>
         <run_address>0x32be</run_address>
         <size>0x38</size>
         <input_file_ref idref="fl-14c"/>
      </object_component>
      <object_component id="oc-10e">
         <name>.text</name>
         <load_address>0x32f6</load_address>
         <run_address>0x32f6</run_address>
         <size>0x2e</size>
         <input_file_ref idref="fl-14d"/>
      </object_component>
      <object_component id="oc-6b">
         <name>.text</name>
         <load_address>0x3324</load_address>
         <run_address>0x3324</run_address>
         <size>0x18</size>
         <input_file_ref idref="fl-153"/>
      </object_component>
      <object_component id="oc-15c">
         <name>.text</name>
         <load_address>0x333c</load_address>
         <run_address>0x333c</run_address>
         <size>0x14</size>
         <input_file_ref idref="fl-152"/>
      </object_component>
      <object_component id="oc-13">
         <name>.text:decompress:none</name>
         <load_address>0x3350</load_address>
         <run_address>0x3350</run_address>
         <size>0xe</size>
         <input_file_ref idref="fl-144"/>
      </object_component>
      <object_component id="oc-1f">
         <name>.text:decompress:ZI</name>
         <load_address>0x335e</load_address>
         <run_address>0x335e</run_address>
         <size>0xc</size>
         <input_file_ref idref="fl-146"/>
      </object_component>
      <object_component id="oc-2b">
         <name>.text</name>
         <load_address>0x336a</load_address>
         <run_address>0x336a</run_address>
         <size>0xc</size>
         <input_file_ref idref="fl-3"/>
      </object_component>
      <object_component id="oc-19">
         <name>.text:decompress:rle24</name>
         <load_address>0x3376</load_address>
         <run_address>0x3376</run_address>
         <size>0x6</size>
         <input_file_ref idref="fl-145"/>
      </object_component>
      <object_component id="oc-5f">
         <name>.text</name>
         <load_address>0x337c</load_address>
         <run_address>0x337c</run_address>
         <size>0x4</size>
         <input_file_ref idref="fl-150"/>
      </object_component>
      <object_component id="oc-105">
         <name>.const:g_pulRegs</name>
         <load_address>0x3380</load_address>
         <run_address>0x3380</run_address>
         <size>0x50</size>
         <input_file_ref idref="fl-f"/>
      </object_component>
      <object_component id="oc-102">
         <name>.const</name>
         <load_address>0x33d0</load_address>
         <run_address>0x33d0</run_address>
         <size>0x40</size>
         <input_file_ref idref="fl-f"/>
      </object_component>
      <object_component id="oc-12d">
         <name>.const:GPIO_PORT_TO_BASE</name>
         <load_address>0x3410</load_address>
         <run_address>0x3410</run_address>
         <size>0x30</size>
         <input_file_ref idref="fl-d"/>
      </object_component>
      <object_component id="oc-130">
         <name>.const</name>
         <load_address>0x3440</load_address>
         <run_address>0x3440</run_address>
         <size>0x1c</size>
         <input_file_ref idref="fl-d"/>
      </object_component>
      <object_component id="oc-b4">
         <name>.const</name>
         <load_address>0x345c</load_address>
         <run_address>0x345c</run_address>
         <size>0x18</size>
         <input_file_ref idref="fl-2"/>
      </object_component>
      <object_component id="oc-1b7">
         <name>.cinit..data.load</name>
         <load_address>0x3478</load_address>
         <run_address>0x3478</run_address>
         <size>0x12</size>
      </object_component>
      <object_component id="oc-1b4">
         <name>__TI_handler_table</name>
         <load_address>0x348c</load_address>
         <run_address>0x348c</run_address>
         <size>0xc</size>
      </object_component>
      <object_component id="oc-1b8">
         <name>.cinit..bss.load</name>
         <load_address>0x3498</load_address>
         <run_address>0x3498</run_address>
         <size>0x8</size>
      </object_component>
      <object_component id="oc-1b6">
         <name>.cinit..vtable.load</name>
         <load_address>0x34a0</load_address>
         <run_address>0x34a0</run_address>
         <size>0x8</size>
      </object_component>
      <object_component id="oc-1b5">
         <name>__TI_cinit_table</name>
         <load_address>0x34a8</load_address>
         <run_address>0x34a8</run_address>
         <size>0x18</size>
      </object_component>
      <object_component id="oc-ff">
         <name>.vtable</name>
         <uninitialized>true</uninitialized>
         <run_address>0x20000000</run_address>
         <size>0xe4</size>
         <input_file_ref idref="fl-f"/>
      </object_component>
      <object_component id="oc-2a">
         <name>.stack</name>
         <uninitialized>true</uninitialized>
         <run_address>0x2000fe00</run_address>
         <size>0x0</size>
         <input_file_ref idref="fl-143"/>
      </object_component>
      <object_component id="oc-1b9">
         <name>.stack</name>
         <uninitialized>true</uninitialized>
         <run_address>0x2000fe00</run_address>
         <size>0x0</size>
      </object_component>
      <object_component id="oc-ac">
         <name>.common:curPowerState</name>
         <uninitialized>true</uninitialized>
         <run_address>0x20000100</run_address>
         <size>0x4</size>
      </object_component>
      <object_component id="oc-af">
         <name>.common:stateChange</name>
         <uninitialized>true</uninitialized>
         <run_address>0x20000110</run_address>
         <size>0x1</size>
      </object_component>
      <object_component id="oc-b3">
         <name>.common:ledBlinkCount</name>
         <uninitialized>true</uninitialized>
         <run_address>0x20000108</run_address>
         <size>0x4</size>
      </object_component>
      <object_component id="oc-10a">
         <name>.common:hfxtFreq</name>
         <uninitialized>true</uninitialized>
         <run_address>0x20000104</run_address>
         <size>0x4</size>
      </object_component>
      <object_component id="oc-10d">
         <name>.common:lfxtFreq</name>
         <uninitialized>true</uninitialized>
         <run_address>0x2000010c</run_address>
         <size>0x4</size>
      </object_component>
      <object_component id="oc-b0">
         <name>.data</name>
         <load_address>0x200000e4</load_address>
         <run_address>0x200000e4</run_address>
         <size>0x8</size>
         <input_file_ref idref="fl-2"/>
      </object_component>
      <object_component id="oc-ef">
         <name>.data</name>
         <load_address>0x200000f4</load_address>
         <run_address>0x200000f4</run_address>
         <size>0x8</size>
         <input_file_ref idref="fl-147"/>
      </object_component>
      <object_component id="oc-77">
         <name>.data</name>
         <load_address>0x200000fc</load_address>
         <run_address>0x200000fc</run_address>
         <size>0x4</size>
         <input_file_ref idref="fl-151"/>
      </object_component>
      <object_component id="oc-ec">
         <name>.data</name>
         <load_address>0x200000ec</load_address>
         <run_address>0x200000ec</run_address>
         <size>0x8</size>
         <input_file_ref idref="fl-152"/>
      </object_component>
      <object_component id="oc-ad">
         <name>.debug_info</name>
         <load_address>0x0</load_address>
         <run_address>0x0</run_address>
         <size>0x992</size>
         <input_file_ref idref="fl-2"/>
      </object_component>
      <object_component id="oc-b1">
         <name>.debug_info</name>
         <load_address>0x992</load_address>
         <run_address>0x992</run_address>
         <size>0xf2</size>
         <input_file_ref idref="fl-2"/>
      </object_component>
      <object_component id="oc-b5">
         <name>.debug_info</name>
         <load_address>0xa84</load_address>
         <run_address>0xa84</run_address>
         <size>0xc9</size>
         <input_file_ref idref="fl-2"/>
      </object_component>
      <object_component id="oc-32">
         <name>.debug_info</name>
         <load_address>0xb4d</load_address>
         <run_address>0xb4d</run_address>
         <size>0x765</size>
         <input_file_ref idref="fl-2"/>
      </object_component>
      <object_component id="oc-13e">
         <name>.debug_info</name>
         <load_address>0x12b2</load_address>
         <run_address>0x12b2</run_address>
         <size>0x103e</size>
         <input_file_ref idref="fl-2"/>
      </object_component>
      <object_component id="oc-c2">
         <name>.debug_info</name>
         <load_address>0x22f0</load_address>
         <run_address>0x22f0</run_address>
         <size>0x341</size>
         <input_file_ref idref="fl-2"/>
      </object_component>
      <object_component id="oc-b8">
         <name>.debug_info</name>
         <load_address>0x2631</load_address>
         <run_address>0x2631</run_address>
         <size>0x8b</size>
         <input_file_ref idref="fl-2"/>
      </object_component>
      <object_component id="oc-bd">
         <name>.debug_info</name>
         <load_address>0x26bc</load_address>
         <run_address>0x26bc</run_address>
         <size>0x18b</size>
         <input_file_ref idref="fl-2"/>
      </object_component>
      <object_component id="oc-39">
         <name>.debug_info</name>
         <load_address>0x2847</load_address>
         <run_address>0x2847</run_address>
         <size>0x14a</size>
         <input_file_ref idref="fl-3"/>
      </object_component>
      <object_component id="oc-11">
         <name>.debug_info</name>
         <load_address>0x2991</load_address>
         <run_address>0x2991</run_address>
         <size>0xe7</size>
         <input_file_ref idref="fl-3"/>
      </object_component>
      <object_component id="oc-2c">
         <name>.debug_info</name>
         <load_address>0x2a78</load_address>
         <run_address>0x2a78</run_address>
         <size>0x243</size>
         <input_file_ref idref="fl-3"/>
      </object_component>
      <object_component id="oc-c9">
         <name>.debug_info</name>
         <load_address>0x2cbb</load_address>
         <run_address>0x2cbb</run_address>
         <size>0x84</size>
         <input_file_ref idref="fl-3"/>
      </object_component>
      <object_component id="oc-fa">
         <name>.debug_info</name>
         <load_address>0x2d3f</load_address>
         <run_address>0x2d3f</run_address>
         <size>0x328</size>
         <input_file_ref idref="fl-7"/>
      </object_component>
      <object_component id="oc-10b">
         <name>.debug_info</name>
         <load_address>0x3067</load_address>
         <run_address>0x3067</run_address>
         <size>0x51d</size>
         <input_file_ref idref="fl-9"/>
      </object_component>
      <object_component id="oc-89">
         <name>.debug_info</name>
         <load_address>0x3584</load_address>
         <run_address>0x3584</run_address>
         <size>0x1f22</size>
         <input_file_ref idref="fl-9"/>
      </object_component>
      <object_component id="oc-134">
         <name>.debug_info</name>
         <load_address>0x54a6</load_address>
         <run_address>0x54a6</run_address>
         <size>0x441</size>
         <input_file_ref idref="fl-d"/>
      </object_component>
      <object_component id="oc-131">
         <name>.debug_info</name>
         <load_address>0x58e7</load_address>
         <run_address>0x58e7</run_address>
         <size>0xde</size>
         <input_file_ref idref="fl-d"/>
      </object_component>
      <object_component id="oc-12e">
         <name>.debug_info</name>
         <load_address>0x59c5</load_address>
         <run_address>0x59c5</run_address>
         <size>0xe0</size>
         <input_file_ref idref="fl-d"/>
      </object_component>
      <object_component id="oc-8f">
         <name>.debug_info</name>
         <load_address>0x5aa5</load_address>
         <run_address>0x5aa5</run_address>
         <size>0x1824</size>
         <input_file_ref idref="fl-d"/>
      </object_component>
      <object_component id="oc-109">
         <name>.debug_info</name>
         <load_address>0x72c9</load_address>
         <run_address>0x72c9</run_address>
         <size>0x3cf</size>
         <input_file_ref idref="fl-f"/>
      </object_component>
      <object_component id="oc-103">
         <name>.debug_info</name>
         <load_address>0x7698</load_address>
         <run_address>0x7698</run_address>
         <size>0x183</size>
         <input_file_ref idref="fl-f"/>
      </object_component>
      <object_component id="oc-106">
         <name>.debug_info</name>
         <load_address>0x781b</load_address>
         <run_address>0x781b</run_address>
         <size>0xd5</size>
         <input_file_ref idref="fl-f"/>
      </object_component>
      <object_component id="oc-100">
         <name>.debug_info</name>
         <load_address>0x78f0</load_address>
         <run_address>0x78f0</run_address>
         <size>0xe2</size>
         <input_file_ref idref="fl-f"/>
      </object_component>
      <object_component id="oc-83">
         <name>.debug_info</name>
         <load_address>0x79d2</load_address>
         <run_address>0x79d2</run_address>
         <size>0xfcd</size>
         <input_file_ref idref="fl-f"/>
      </object_component>
      <object_component id="oc-13a">
         <name>.debug_info</name>
         <load_address>0x899f</load_address>
         <run_address>0x899f</run_address>
         <size>0x4a7</size>
         <input_file_ref idref="fl-11"/>
      </object_component>
      <object_component id="oc-a1">
         <name>.debug_info</name>
         <load_address>0x8e46</load_address>
         <run_address>0x8e46</run_address>
         <size>0x1893</size>
         <input_file_ref idref="fl-11"/>
      </object_component>
      <object_component id="oc-138">
         <name>.debug_info</name>
         <load_address>0xa6d9</load_address>
         <run_address>0xa6d9</run_address>
         <size>0x41f</size>
         <input_file_ref idref="fl-13"/>
      </object_component>
      <object_component id="oc-9b">
         <name>.debug_info</name>
         <load_address>0xaaf8</load_address>
         <run_address>0xaaf8</run_address>
         <size>0xe35</size>
         <input_file_ref idref="fl-13"/>
      </object_component>
      <object_component id="oc-a7">
         <name>.debug_info</name>
         <load_address>0xb92d</load_address>
         <run_address>0xb92d</run_address>
         <size>0xba1</size>
         <input_file_ref idref="fl-18"/>
      </object_component>
      <object_component id="oc-136">
         <name>.debug_info</name>
         <load_address>0xc4ce</load_address>
         <run_address>0xc4ce</run_address>
         <size>0x465</size>
         <input_file_ref idref="fl-1b"/>
      </object_component>
      <object_component id="oc-95">
         <name>.debug_info</name>
         <load_address>0xc933</load_address>
         <run_address>0xc933</run_address>
         <size>0x2182</size>
         <input_file_ref idref="fl-1b"/>
      </object_component>
      <object_component id="oc-f8">
         <name>.debug_info</name>
         <load_address>0xeab5</load_address>
         <run_address>0xeab5</run_address>
         <size>0x4cf</size>
         <input_file_ref idref="fl-1d"/>
      </object_component>
      <object_component id="oc-7d">
         <name>.debug_info</name>
         <load_address>0xef84</load_address>
         <run_address>0xef84</run_address>
         <size>0x7ce</size>
         <input_file_ref idref="fl-1d"/>
      </object_component>
      <object_component id="oc-28">
         <name>.debug_info</name>
         <load_address>0xf752</load_address>
         <run_address>0xf752</run_address>
         <size>0x134</size>
         <input_file_ref idref="fl-143"/>
      </object_component>
      <object_component id="oc-45">
         <name>.debug_info</name>
         <load_address>0xf886</load_address>
         <run_address>0xf886</run_address>
         <size>0x121</size>
         <input_file_ref idref="fl-144"/>
      </object_component>
      <object_component id="oc-17">
         <name>.debug_info</name>
         <load_address>0xf9a7</load_address>
         <run_address>0xf9a7</run_address>
         <size>0x1c0</size>
         <input_file_ref idref="fl-144"/>
      </object_component>
      <object_component id="oc-40">
         <name>.debug_info</name>
         <load_address>0xfb67</load_address>
         <run_address>0xfb67</run_address>
         <size>0x46</size>
         <input_file_ref idref="fl-144"/>
      </object_component>
      <object_component id="oc-cf">
         <name>.debug_info</name>
         <load_address>0xfbad</load_address>
         <run_address>0xfbad</run_address>
         <size>0x2c</size>
         <input_file_ref idref="fl-144"/>
      </object_component>
      <object_component id="oc-4d">
         <name>.debug_info</name>
         <load_address>0xfbd9</load_address>
         <run_address>0xfbd9</run_address>
         <size>0x115</size>
         <input_file_ref idref="fl-145"/>
      </object_component>
      <object_component id="oc-47">
         <name>.debug_info</name>
         <load_address>0xfcee</load_address>
         <run_address>0xfcee</run_address>
         <size>0x228</size>
         <input_file_ref idref="fl-145"/>
      </object_component>
      <object_component id="oc-1a">
         <name>.debug_info</name>
         <load_address>0xff16</load_address>
         <run_address>0xff16</run_address>
         <size>0x192</size>
         <input_file_ref idref="fl-145"/>
      </object_component>
      <object_component id="oc-4e">
         <name>.debug_info</name>
         <load_address>0x100a8</load_address>
         <run_address>0x100a8</run_address>
         <size>0x39</size>
         <input_file_ref idref="fl-145"/>
      </object_component>
      <object_component id="oc-d9">
         <name>.debug_info</name>
         <load_address>0x100e1</load_address>
         <run_address>0x100e1</run_address>
         <size>0x2c</size>
         <input_file_ref idref="fl-145"/>
      </object_component>
      <object_component id="oc-5e">
         <name>.debug_info</name>
         <load_address>0x1010d</load_address>
         <run_address>0x1010d</run_address>
         <size>0x110</size>
         <input_file_ref idref="fl-146"/>
      </object_component>
      <object_component id="oc-22">
         <name>.debug_info</name>
         <load_address>0x1021d</load_address>
         <run_address>0x1021d</run_address>
         <size>0x18b</size>
         <input_file_ref idref="fl-146"/>
      </object_component>
      <object_component id="oc-59">
         <name>.debug_info</name>
         <load_address>0x103a8</load_address>
         <run_address>0x103a8</run_address>
         <size>0x46</size>
         <input_file_ref idref="fl-146"/>
      </object_component>
      <object_component id="oc-f3">
         <name>.debug_info</name>
         <load_address>0x103ee</load_address>
         <run_address>0x103ee</run_address>
         <size>0x172</size>
         <input_file_ref idref="fl-147"/>
      </object_component>
      <object_component id="oc-f0">
         <name>.debug_info</name>
         <load_address>0x10560</load_address>
         <run_address>0x10560</run_address>
         <size>0x117</size>
         <input_file_ref idref="fl-147"/>
      </object_component>
      <object_component id="oc-73">
         <name>.debug_info</name>
         <load_address>0x10677</load_address>
         <run_address>0x10677</run_address>
         <size>0x1ee</size>
         <input_file_ref idref="fl-147"/>
      </object_component>
      <object_component id="oc-119">
         <name>.debug_info</name>
         <load_address>0x10865</load_address>
         <run_address>0x10865</run_address>
         <size>0x129</size>
         <input_file_ref idref="fl-148"/>
      </object_component>
      <object_component id="oc-124">
         <name>.debug_info</name>
         <load_address>0x1098e</load_address>
         <run_address>0x1098e</run_address>
         <size>0x117</size>
         <input_file_ref idref="fl-149"/>
      </object_component>
      <object_component id="oc-120">
         <name>.debug_info</name>
         <load_address>0x10aa5</load_address>
         <run_address>0x10aa5</run_address>
         <size>0x117</size>
         <input_file_ref idref="fl-14a"/>
      </object_component>
      <object_component id="oc-129">
         <name>.debug_info</name>
         <load_address>0x10bbc</load_address>
         <run_address>0x10bbc</run_address>
         <size>0x10b</size>
         <input_file_ref idref="fl-14b"/>
      </object_component>
      <object_component id="oc-116">
         <name>.debug_info</name>
         <load_address>0x10cc7</load_address>
         <run_address>0x10cc7</run_address>
         <size>0x109</size>
         <input_file_ref idref="fl-14c"/>
      </object_component>
      <object_component id="oc-111">
         <name>.debug_info</name>
         <load_address>0x10dd0</load_address>
         <run_address>0x10dd0</run_address>
         <size>0x109</size>
         <input_file_ref idref="fl-14d"/>
      </object_component>
      <object_component id="oc-3c">
         <name>.debug_info</name>
         <load_address>0x10ed9</load_address>
         <run_address>0x10ed9</run_address>
         <size>0xf6</size>
         <input_file_ref idref="fl-14e"/>
      </object_component>
      <object_component id="oc-56">
         <name>.debug_info</name>
         <load_address>0x10fcf</load_address>
         <run_address>0x10fcf</run_address>
         <size>0x124</size>
         <input_file_ref idref="fl-14f"/>
      </object_component>
      <object_component id="oc-62">
         <name>.debug_info</name>
         <load_address>0x110f3</load_address>
         <run_address>0x110f3</run_address>
         <size>0x129</size>
         <input_file_ref idref="fl-150"/>
      </object_component>
      <object_component id="oc-78">
         <name>.debug_info</name>
         <load_address>0x1121c</load_address>
         <run_address>0x1121c</run_address>
         <size>0xea</size>
         <input_file_ref idref="fl-151"/>
      </object_component>
      <object_component id="oc-164">
         <name>.debug_info</name>
         <load_address>0x11306</load_address>
         <run_address>0x11306</run_address>
         <size>0x105</size>
         <input_file_ref idref="fl-152"/>
      </object_component>
      <object_component id="oc-ed">
         <name>.debug_info</name>
         <load_address>0x1140b</load_address>
         <run_address>0x1140b</run_address>
         <size>0xf4</size>
         <input_file_ref idref="fl-152"/>
      </object_component>
      <object_component id="oc-160">
         <name>.debug_info</name>
         <load_address>0x114ff</load_address>
         <run_address>0x114ff</run_address>
         <size>0x200</size>
         <input_file_ref idref="fl-152"/>
      </object_component>
      <object_component id="oc-eb">
         <name>.debug_info</name>
         <load_address>0x116ff</load_address>
         <run_address>0x116ff</run_address>
         <size>0x147</size>
         <input_file_ref idref="fl-153"/>
      </object_component>
      <object_component id="oc-6d">
         <name>.debug_info</name>
         <load_address>0x11846</load_address>
         <run_address>0x11846</run_address>
         <size>0x148</size>
         <input_file_ref idref="fl-153"/>
      </object_component>
      <object_component id="oc-157">
         <name>.debug_info</name>
         <load_address>0x1198e</load_address>
         <run_address>0x1198e</run_address>
         <size>0x5e</size>
         <input_file_ref idref="fl-153"/>
      </object_component>
      <object_component id="oc-e9">
         <name>.debug_info</name>
         <load_address>0x119ec</load_address>
         <run_address>0x119ec</run_address>
         <size>0x29e</size>
         <input_file_ref idref="fl-154"/>
      </object_component>
      <object_component id="oc-67">
         <name>.debug_info</name>
         <load_address>0x11c8a</load_address>
         <run_address>0x11c8a</run_address>
         <size>0x158</size>
         <input_file_ref idref="fl-154"/>
      </object_component>
      <object_component id="oc-14b">
         <name>.debug_info</name>
         <load_address>0x11de2</load_address>
         <run_address>0x11de2</run_address>
         <size>0x39</size>
         <input_file_ref idref="fl-154"/>
      </object_component>
      <object_component id="oc-150">
         <name>.debug_info</name>
         <load_address>0x11e1b</load_address>
         <run_address>0x11e1b</run_address>
         <size>0xcd</size>
         <input_file_ref idref="fl-154"/>
      </object_component>
      <object_component id="oc-148">
         <name>.debug_info</name>
         <load_address>0x11ee8</load_address>
         <run_address>0x11ee8</run_address>
         <size>0x1c1</size>
         <input_file_ref idref="fl-155"/>
      </object_component>
      <object_component id="oc-e3">
         <name>.debug_info</name>
         <load_address>0x120a9</load_address>
         <run_address>0x120a9</run_address>
         <size>0x164</size>
         <input_file_ref idref="fl-155"/>
      </object_component>
      <object_component id="oc-18b">
         <name>.debug_info</name>
         <load_address>0x1220d</load_address>
         <run_address>0x1220d</run_address>
         <size>0x2c</size>
         <input_file_ref idref="fl-155"/>
      </object_component>
      <object_component id="oc-1ba">
         <name>.debug_info</name>
         <load_address>0x12239</load_address>
         <run_address>0x12239</run_address>
         <size>0x9b</size>
      </object_component>
      <object_component id="oc-13d">
         <name>.debug_line</name>
         <load_address>0x0</load_address>
         <run_address>0x0</run_address>
         <size>0x21a</size>
         <input_file_ref idref="fl-2"/>
      </object_component>
      <object_component id="oc-144">
         <name>.debug_line</name>
         <load_address>0x21a</load_address>
         <run_address>0x21a</run_address>
         <size>0x33</size>
         <input_file_ref idref="fl-2"/>
      </object_component>
      <object_component id="oc-146">
         <name>.debug_line</name>
         <load_address>0x24d</load_address>
         <run_address>0x24d</run_address>
         <size>0x33</size>
         <input_file_ref idref="fl-2"/>
      </object_component>
      <object_component id="oc-35">
         <name>.debug_line</name>
         <load_address>0x280</load_address>
         <run_address>0x280</run_address>
         <size>0x149</size>
         <input_file_ref idref="fl-2"/>
      </object_component>
      <object_component id="oc-141">
         <name>.debug_line</name>
         <load_address>0x3c9</load_address>
         <run_address>0x3c9</run_address>
         <size>0x55</size>
         <input_file_ref idref="fl-2"/>
      </object_component>
      <object_component id="oc-c5">
         <name>.debug_line</name>
         <load_address>0x41e</load_address>
         <run_address>0x41e</run_address>
         <size>0x5f</size>
         <input_file_ref idref="fl-2"/>
      </object_component>
      <object_component id="oc-bb">
         <name>.debug_line</name>
         <load_address>0x47d</load_address>
         <run_address>0x47d</run_address>
         <size>0x20</size>
         <input_file_ref idref="fl-2"/>
      </object_component>
      <object_component id="oc-c0">
         <name>.debug_line</name>
         <load_address>0x49d</load_address>
         <run_address>0x49d</run_address>
         <size>0x60</size>
         <input_file_ref idref="fl-2"/>
      </object_component>
      <object_component id="oc-c8">
         <name>.debug_line</name>
         <load_address>0x4fd</load_address>
         <run_address>0x4fd</run_address>
         <size>0x3f</size>
         <input_file_ref idref="fl-3"/>
      </object_component>
      <object_component id="oc-38">
         <name>.debug_line</name>
         <load_address>0x53c</load_address>
         <run_address>0x53c</run_address>
         <size>0x3f</size>
         <input_file_ref idref="fl-3"/>
      </object_component>
      <object_component id="oc-2f">
         <name>.debug_line</name>
         <load_address>0x57b</load_address>
         <run_address>0x57b</run_address>
         <size>0x9f</size>
         <input_file_ref idref="fl-3"/>
      </object_component>
      <object_component id="oc-cc">
         <name>.debug_line</name>
         <load_address>0x61a</load_address>
         <run_address>0x61a</run_address>
         <size>0x20</size>
         <input_file_ref idref="fl-3"/>
      </object_component>
      <object_component id="oc-fd">
         <name>.debug_line</name>
         <load_address>0x63a</load_address>
         <run_address>0x63a</run_address>
         <size>0xd9</size>
         <input_file_ref idref="fl-7"/>
      </object_component>
      <object_component id="oc-176">
         <name>.debug_line</name>
         <load_address>0x713</load_address>
         <run_address>0x713</run_address>
         <size>0xb4</size>
         <input_file_ref idref="fl-9"/>
      </object_component>
      <object_component id="oc-8c">
         <name>.debug_line</name>
         <load_address>0x7c7</load_address>
         <run_address>0x7c7</run_address>
         <size>0x7af</size>
         <input_file_ref idref="fl-9"/>
      </object_component>
      <object_component id="oc-182">
         <name>.debug_line</name>
         <load_address>0xf76</load_address>
         <run_address>0xf76</run_address>
         <size>0x61</size>
         <input_file_ref idref="fl-d"/>
      </object_component>
      <object_component id="oc-180">
         <name>.debug_line</name>
         <load_address>0xfd7</load_address>
         <run_address>0xfd7</run_address>
         <size>0x37</size>
         <input_file_ref idref="fl-d"/>
      </object_component>
      <object_component id="oc-17e">
         <name>.debug_line</name>
         <load_address>0x100e</load_address>
         <run_address>0x100e</run_address>
         <size>0x37</size>
         <input_file_ref idref="fl-d"/>
      </object_component>
      <object_component id="oc-92">
         <name>.debug_line</name>
         <load_address>0x1045</load_address>
         <run_address>0x1045</run_address>
         <size>0x2c7</size>
         <input_file_ref idref="fl-d"/>
      </object_component>
      <object_component id="oc-174">
         <name>.debug_line</name>
         <load_address>0x130c</load_address>
         <run_address>0x130c</run_address>
         <size>0x5b</size>
         <input_file_ref idref="fl-f"/>
      </object_component>
      <object_component id="oc-170">
         <name>.debug_line</name>
         <load_address>0x1367</load_address>
         <run_address>0x1367</run_address>
         <size>0x3c</size>
         <input_file_ref idref="fl-f"/>
      </object_component>
      <object_component id="oc-172">
         <name>.debug_line</name>
         <load_address>0x13a3</load_address>
         <run_address>0x13a3</run_address>
         <size>0x3c</size>
         <input_file_ref idref="fl-f"/>
      </object_component>
      <object_component id="oc-16e">
         <name>.debug_line</name>
         <load_address>0x13df</load_address>
         <run_address>0x13df</run_address>
         <size>0x3c</size>
         <input_file_ref idref="fl-f"/>
      </object_component>
      <object_component id="oc-86">
         <name>.debug_line</name>
         <load_address>0x141b</load_address>
         <run_address>0x141b</run_address>
         <size>0x33e</size>
         <input_file_ref idref="fl-f"/>
      </object_component>
      <object_component id="oc-188">
         <name>.debug_line</name>
         <load_address>0x1759</load_address>
         <run_address>0x1759</run_address>
         <size>0x9c</size>
         <input_file_ref idref="fl-11"/>
      </object_component>
      <object_component id="oc-a4">
         <name>.debug_line</name>
         <load_address>0x17f5</load_address>
         <run_address>0x17f5</run_address>
         <size>0x449</size>
         <input_file_ref idref="fl-11"/>
      </object_component>
      <object_component id="oc-186">
         <name>.debug_line</name>
         <load_address>0x1c3e</load_address>
         <run_address>0x1c3e</run_address>
         <size>0x61</size>
         <input_file_ref idref="fl-13"/>
      </object_component>
      <object_component id="oc-9e">
         <name>.debug_line</name>
         <load_address>0x1c9f</load_address>
         <run_address>0x1c9f</run_address>
         <size>0x2bb</size>
         <input_file_ref idref="fl-13"/>
      </object_component>
      <object_component id="oc-aa">
         <name>.debug_line</name>
         <load_address>0x1f5a</load_address>
         <run_address>0x1f5a</run_address>
         <size>0x239</size>
         <input_file_ref idref="fl-18"/>
      </object_component>
      <object_component id="oc-184">
         <name>.debug_line</name>
         <load_address>0x2193</load_address>
         <run_address>0x2193</run_address>
         <size>0x61</size>
         <input_file_ref idref="fl-1b"/>
      </object_component>
      <object_component id="oc-98">
         <name>.debug_line</name>
         <load_address>0x21f4</load_address>
         <run_address>0x21f4</run_address>
         <size>0x458</size>
         <input_file_ref idref="fl-1b"/>
      </object_component>
      <object_component id="oc-16b">
         <name>.debug_line</name>
         <load_address>0x264c</load_address>
         <run_address>0x264c</run_address>
         <size>0x9f</size>
         <input_file_ref idref="fl-1d"/>
      </object_component>
      <object_component id="oc-80">
         <name>.debug_line</name>
         <load_address>0x26eb</load_address>
         <run_address>0x26eb</run_address>
         <size>0x130</size>
         <input_file_ref idref="fl-1d"/>
      </object_component>
      <object_component id="oc-27">
         <name>.debug_line</name>
         <load_address>0x281b</load_address>
         <run_address>0x281b</run_address>
         <size>0x52</size>
         <input_file_ref idref="fl-143"/>
      </object_component>
      <object_component id="oc-d5">
         <name>.debug_line</name>
         <load_address>0x286d</load_address>
         <run_address>0x286d</run_address>
         <size>0x80</size>
         <input_file_ref idref="fl-144"/>
      </object_component>
      <object_component id="oc-16">
         <name>.debug_line</name>
         <load_address>0x28ed</load_address>
         <run_address>0x28ed</run_address>
         <size>0x55</size>
         <input_file_ref idref="fl-144"/>
      </object_component>
      <object_component id="oc-43">
         <name>.debug_line</name>
         <load_address>0x2942</load_address>
         <run_address>0x2942</run_address>
         <size>0x3a</size>
         <input_file_ref idref="fl-144"/>
      </object_component>
      <object_component id="oc-d2">
         <name>.debug_line</name>
         <load_address>0x297c</load_address>
         <run_address>0x297c</run_address>
         <size>0x80</size>
         <input_file_ref idref="fl-144"/>
      </object_component>
      <object_component id="oc-d8">
         <name>.debug_line</name>
         <load_address>0x29fc</load_address>
         <run_address>0x29fc</run_address>
         <size>0x80</size>
         <input_file_ref idref="fl-145"/>
      </object_component>
      <object_component id="oc-4a">
         <name>.debug_line</name>
         <load_address>0x2a7c</load_address>
         <run_address>0x2a7c</run_address>
         <size>0x98</size>
         <input_file_ref idref="fl-145"/>
      </object_component>
      <object_component id="oc-1d">
         <name>.debug_line</name>
         <load_address>0x2b14</load_address>
         <run_address>0x2b14</run_address>
         <size>0x4b</size>
         <input_file_ref idref="fl-145"/>
      </object_component>
      <object_component id="oc-51">
         <name>.debug_line</name>
         <load_address>0x2b5f</load_address>
         <run_address>0x2b5f</run_address>
         <size>0x39</size>
         <input_file_ref idref="fl-145"/>
      </object_component>
      <object_component id="oc-dc">
         <name>.debug_line</name>
         <load_address>0x2b98</load_address>
         <run_address>0x2b98</run_address>
         <size>0x80</size>
         <input_file_ref idref="fl-145"/>
      </object_component>
      <object_component id="oc-e0">
         <name>.debug_line</name>
         <load_address>0x2c18</load_address>
         <run_address>0x2c18</run_address>
         <size>0x80</size>
         <input_file_ref idref="fl-146"/>
      </object_component>
      <object_component id="oc-24">
         <name>.debug_line</name>
         <load_address>0x2c98</load_address>
         <run_address>0x2c98</run_address>
         <size>0x4f</size>
         <input_file_ref idref="fl-146"/>
      </object_component>
      <object_component id="oc-5c">
         <name>.debug_line</name>
         <load_address>0x2ce7</load_address>
         <run_address>0x2ce7</run_address>
         <size>0x34</size>
         <input_file_ref idref="fl-146"/>
      </object_component>
      <object_component id="oc-169">
         <name>.debug_line</name>
         <load_address>0x2d1b</load_address>
         <run_address>0x2d1b</run_address>
         <size>0x7f</size>
         <input_file_ref idref="fl-147"/>
      </object_component>
      <object_component id="oc-167">
         <name>.debug_line</name>
         <load_address>0x2d9a</load_address>
         <run_address>0x2d9a</run_address>
         <size>0x2a</size>
         <input_file_ref idref="fl-147"/>
      </object_component>
      <object_component id="oc-76">
         <name>.debug_line</name>
         <load_address>0x2dc4</load_address>
         <run_address>0x2dc4</run_address>
         <size>0x7a</size>
         <input_file_ref idref="fl-147"/>
      </object_component>
      <object_component id="oc-11c">
         <name>.debug_line</name>
         <load_address>0x2e3e</load_address>
         <run_address>0x2e3e</run_address>
         <size>0xd2</size>
         <input_file_ref idref="fl-148"/>
      </object_component>
      <object_component id="oc-123">
         <name>.debug_line</name>
         <load_address>0x2f10</load_address>
         <run_address>0x2f10</run_address>
         <size>0xa8</size>
         <input_file_ref idref="fl-149"/>
      </object_component>
      <object_component id="oc-11f">
         <name>.debug_line</name>
         <load_address>0x2fb8</load_address>
         <run_address>0x2fb8</run_address>
         <size>0x8e</size>
         <input_file_ref idref="fl-14a"/>
      </object_component>
      <object_component id="oc-128">
         <name>.debug_line</name>
         <load_address>0x3046</load_address>
         <run_address>0x3046</run_address>
         <size>0x5a</size>
         <input_file_ref idref="fl-14b"/>
      </object_component>
      <object_component id="oc-114">
         <name>.debug_line</name>
         <load_address>0x30a0</load_address>
         <run_address>0x30a0</run_address>
         <size>0x56</size>
         <input_file_ref idref="fl-14c"/>
      </object_component>
      <object_component id="oc-110">
         <name>.debug_line</name>
         <load_address>0x30f6</load_address>
         <run_address>0x30f6</run_address>
         <size>0x50</size>
         <input_file_ref idref="fl-14d"/>
      </object_component>
      <object_component id="oc-3b">
         <name>.debug_line</name>
         <load_address>0x3146</load_address>
         <run_address>0x3146</run_address>
         <size>0x88</size>
         <input_file_ref idref="fl-14e"/>
      </object_component>
      <object_component id="oc-55">
         <name>.debug_line</name>
         <load_address>0x31ce</load_address>
         <run_address>0x31ce</run_address>
         <size>0x79</size>
         <input_file_ref idref="fl-14f"/>
      </object_component>
      <object_component id="oc-64">
         <name>.debug_line</name>
         <load_address>0x3247</load_address>
         <run_address>0x3247</run_address>
         <size>0x40</size>
         <input_file_ref idref="fl-150"/>
      </object_component>
      <object_component id="oc-f6">
         <name>.debug_line</name>
         <load_address>0x3287</load_address>
         <run_address>0x3287</run_address>
         <size>0x33</size>
         <input_file_ref idref="fl-151"/>
      </object_component>
      <object_component id="oc-192">
         <name>.debug_line</name>
         <load_address>0x32ba</load_address>
         <run_address>0x32ba</run_address>
         <size>0x20</size>
         <input_file_ref idref="fl-152"/>
      </object_component>
      <object_component id="oc-163">
         <name>.debug_line</name>
         <load_address>0x32da</load_address>
         <run_address>0x32da</run_address>
         <size>0x2b</size>
         <input_file_ref idref="fl-152"/>
      </object_component>
      <object_component id="oc-15f">
         <name>.debug_line</name>
         <load_address>0x3305</load_address>
         <run_address>0x3305</run_address>
         <size>0x68</size>
         <input_file_ref idref="fl-152"/>
      </object_component>
      <object_component id="oc-156">
         <name>.debug_line</name>
         <load_address>0x336d</load_address>
         <run_address>0x336d</run_address>
         <size>0x2b</size>
         <input_file_ref idref="fl-153"/>
      </object_component>
      <object_component id="oc-6f">
         <name>.debug_line</name>
         <load_address>0x3398</load_address>
         <run_address>0x3398</run_address>
         <size>0x50</size>
         <input_file_ref idref="fl-153"/>
      </object_component>
      <object_component id="oc-15a">
         <name>.debug_line</name>
         <load_address>0x33e8</load_address>
         <run_address>0x33e8</run_address>
         <size>0x2b</size>
         <input_file_ref idref="fl-153"/>
      </object_component>
      <object_component id="oc-14a">
         <name>.debug_line</name>
         <load_address>0x3413</load_address>
         <run_address>0x3413</run_address>
         <size>0x8f</size>
         <input_file_ref idref="fl-154"/>
      </object_component>
      <object_component id="oc-6a">
         <name>.debug_line</name>
         <load_address>0x34a2</load_address>
         <run_address>0x34a2</run_address>
         <size>0x79</size>
         <input_file_ref idref="fl-154"/>
      </object_component>
      <object_component id="oc-14e">
         <name>.debug_line</name>
         <load_address>0x351b</load_address>
         <run_address>0x351b</run_address>
         <size>0x2e</size>
         <input_file_ref idref="fl-154"/>
      </object_component>
      <object_component id="oc-153">
         <name>.debug_line</name>
         <load_address>0x3549</load_address>
         <run_address>0x3549</run_address>
         <size>0x81</size>
         <input_file_ref idref="fl-154"/>
      </object_component>
      <object_component id="oc-18a">
         <name>.debug_line</name>
         <load_address>0x35ca</load_address>
         <run_address>0x35ca</run_address>
         <size>0x8e</size>
         <input_file_ref idref="fl-155"/>
      </object_component>
      <object_component id="oc-e6">
         <name>.debug_line</name>
         <load_address>0x3658</load_address>
         <run_address>0x3658</run_address>
         <size>0x68</size>
         <input_file_ref idref="fl-155"/>
      </object_component>
      <object_component id="oc-18e">
         <name>.debug_line</name>
         <load_address>0x36c0</load_address>
         <run_address>0x36c0</run_address>
         <size>0x2e</size>
         <input_file_ref idref="fl-155"/>
      </object_component>
      <object_component id="oc-36">
         <name>.debug_frame</name>
         <load_address>0x0</load_address>
         <run_address>0x0</run_address>
         <size>0xef</size>
         <input_file_ref idref="fl-2"/>
      </object_component>
      <object_component id="oc-30">
         <name>.debug_frame</name>
         <load_address>0xef</load_address>
         <run_address>0xef</run_address>
         <size>0xb2</size>
         <input_file_ref idref="fl-3"/>
      </object_component>
      <object_component id="oc-fe">
         <name>.debug_frame</name>
         <load_address>0x1a1</load_address>
         <run_address>0x1a1</run_address>
         <size>0xda</size>
         <input_file_ref idref="fl-7"/>
      </object_component>
      <object_component id="oc-8d">
         <name>.debug_frame</name>
         <load_address>0x27b</load_address>
         <run_address>0x27b</run_address>
         <size>0x3dd</size>
         <input_file_ref idref="fl-9"/>
      </object_component>
      <object_component id="oc-93">
         <name>.debug_frame</name>
         <load_address>0x658</load_address>
         <run_address>0x658</run_address>
         <size>0x249</size>
         <input_file_ref idref="fl-d"/>
      </object_component>
      <object_component id="oc-87">
         <name>.debug_frame</name>
         <load_address>0x8a1</load_address>
         <run_address>0x8a1</run_address>
         <size>0x226</size>
         <input_file_ref idref="fl-f"/>
      </object_component>
      <object_component id="oc-a5">
         <name>.debug_frame</name>
         <load_address>0xac7</load_address>
         <run_address>0xac7</run_address>
         <size>0x293</size>
         <input_file_ref idref="fl-11"/>
      </object_component>
      <object_component id="oc-9f">
         <name>.debug_frame</name>
         <load_address>0xd5a</load_address>
         <run_address>0xd5a</run_address>
         <size>0x254</size>
         <input_file_ref idref="fl-13"/>
      </object_component>
      <object_component id="oc-ab">
         <name>.debug_frame</name>
         <load_address>0xfae</load_address>
         <run_address>0xfae</run_address>
         <size>0x1d1</size>
         <input_file_ref idref="fl-18"/>
      </object_component>
      <object_component id="oc-99">
         <name>.debug_frame</name>
         <load_address>0x117f</load_address>
         <run_address>0x117f</run_address>
         <size>0x343</size>
         <input_file_ref idref="fl-1b"/>
      </object_component>
      <object_component id="oc-81">
         <name>.debug_frame</name>
         <load_address>0x14c2</load_address>
         <run_address>0x14c2</run_address>
         <size>0x141</size>
         <input_file_ref idref="fl-1d"/>
      </object_component>
      <object_component id="oc-14">
         <name>.debug_frame</name>
         <load_address>0x1603</load_address>
         <run_address>0x1603</run_address>
         <size>0x7f</size>
         <input_file_ref idref="fl-144"/>
      </object_component>
      <object_component id="oc-4b">
         <name>.debug_frame</name>
         <load_address>0x1682</load_address>
         <run_address>0x1682</run_address>
         <size>0x8e</size>
         <input_file_ref idref="fl-145"/>
      </object_component>
      <object_component id="oc-1e">
         <name>.debug_frame</name>
         <load_address>0x1710</load_address>
         <run_address>0x1710</run_address>
         <size>0x7f</size>
         <input_file_ref idref="fl-145"/>
      </object_component>
      <object_component id="oc-21">
         <name>.debug_frame</name>
         <load_address>0x178f</load_address>
         <run_address>0x178f</run_address>
         <size>0x7f</size>
         <input_file_ref idref="fl-146"/>
      </object_component>
      <object_component id="oc-75">
         <name>.debug_frame</name>
         <load_address>0x180e</load_address>
         <run_address>0x180e</run_address>
         <size>0xb3</size>
         <input_file_ref idref="fl-147"/>
      </object_component>
      <object_component id="oc-61">
         <name>.debug_frame</name>
         <load_address>0x18c1</load_address>
         <run_address>0x18c1</run_address>
         <size>0x7f</size>
         <input_file_ref idref="fl-150"/>
      </object_component>
      <object_component id="oc-15d">
         <name>.debug_frame</name>
         <load_address>0x1940</load_address>
         <run_address>0x1940</run_address>
         <size>0xa1</size>
         <input_file_ref idref="fl-152"/>
      </object_component>
      <object_component id="oc-70">
         <name>.debug_frame</name>
         <load_address>0x19e1</load_address>
         <run_address>0x19e1</run_address>
         <size>0x7f</size>
         <input_file_ref idref="fl-153"/>
      </object_component>
      <object_component id="oc-69">
         <name>.debug_frame</name>
         <load_address>0x1a60</load_address>
         <run_address>0x1a60</run_address>
         <size>0x8a</size>
         <input_file_ref idref="fl-154"/>
      </object_component>
      <object_component id="oc-e7">
         <name>.debug_frame</name>
         <load_address>0x1aea</load_address>
         <run_address>0x1aea</run_address>
         <size>0x8e</size>
         <input_file_ref idref="fl-155"/>
      </object_component>
      <object_component id="oc-13c">
         <name>.debug_abbrev</name>
         <load_address>0x0</load_address>
         <run_address>0x0</run_address>
         <size>0x115</size>
         <input_file_ref idref="fl-2"/>
      </object_component>
      <object_component id="oc-143">
         <name>.debug_abbrev</name>
         <load_address>0x115</load_address>
         <run_address>0x115</run_address>
         <size>0x29</size>
         <input_file_ref idref="fl-2"/>
      </object_component>
      <object_component id="oc-145">
         <name>.debug_abbrev</name>
         <load_address>0x13e</load_address>
         <run_address>0x13e</run_address>
         <size>0x27</size>
         <input_file_ref idref="fl-2"/>
      </object_component>
      <object_component id="oc-b7">
         <name>.debug_abbrev</name>
         <load_address>0x165</load_address>
         <run_address>0x165</run_address>
         <size>0xf5</size>
         <input_file_ref idref="fl-2"/>
      </object_component>
      <object_component id="oc-140">
         <name>.debug_abbrev</name>
         <load_address>0x25a</load_address>
         <run_address>0x25a</run_address>
         <size>0x97</size>
         <input_file_ref idref="fl-2"/>
      </object_component>
      <object_component id="oc-c4">
         <name>.debug_abbrev</name>
         <load_address>0x2f1</load_address>
         <run_address>0x2f1</run_address>
         <size>0x4b</size>
         <input_file_ref idref="fl-2"/>
      </object_component>
      <object_component id="oc-ba">
         <name>.debug_abbrev</name>
         <load_address>0x33c</load_address>
         <run_address>0x33c</run_address>
         <size>0x1f</size>
         <input_file_ref idref="fl-2"/>
      </object_component>
      <object_component id="oc-bf">
         <name>.debug_abbrev</name>
         <load_address>0x35b</load_address>
         <run_address>0x35b</run_address>
         <size>0x35</size>
         <input_file_ref idref="fl-2"/>
      </object_component>
      <object_component id="oc-c7">
         <name>.debug_abbrev</name>
         <load_address>0x390</load_address>
         <run_address>0x390</run_address>
         <size>0x71</size>
         <input_file_ref idref="fl-3"/>
      </object_component>
      <object_component id="oc-37">
         <name>.debug_abbrev</name>
         <load_address>0x401</load_address>
         <run_address>0x401</run_address>
         <size>0x29</size>
         <input_file_ref idref="fl-3"/>
      </object_component>
      <object_component id="oc-7b">
         <name>.debug_abbrev</name>
         <load_address>0x42a</load_address>
         <run_address>0x42a</run_address>
         <size>0x77</size>
         <input_file_ref idref="fl-3"/>
      </object_component>
      <object_component id="oc-cb">
         <name>.debug_abbrev</name>
         <load_address>0x4a1</load_address>
         <run_address>0x4a1</run_address>
         <size>0x1f</size>
         <input_file_ref idref="fl-3"/>
      </object_component>
      <object_component id="oc-16c">
         <name>.debug_abbrev</name>
         <load_address>0x4c0</load_address>
         <run_address>0x4c0</run_address>
         <size>0xf9</size>
         <input_file_ref idref="fl-7"/>
      </object_component>
      <object_component id="oc-175">
         <name>.debug_abbrev</name>
         <load_address>0x5b9</load_address>
         <run_address>0x5b9</run_address>
         <size>0xda</size>
         <input_file_ref idref="fl-9"/>
      </object_component>
      <object_component id="oc-12c">
         <name>.debug_abbrev</name>
         <load_address>0x693</load_address>
         <run_address>0x693</run_address>
         <size>0x130</size>
         <input_file_ref idref="fl-9"/>
      </object_component>
      <object_component id="oc-181">
         <name>.debug_abbrev</name>
         <load_address>0x7c3</load_address>
         <run_address>0x7c3</run_address>
         <size>0xb0</size>
         <input_file_ref idref="fl-d"/>
      </object_component>
      <object_component id="oc-17f">
         <name>.debug_abbrev</name>
         <load_address>0x873</load_address>
         <run_address>0x873</run_address>
         <size>0x27</size>
         <input_file_ref idref="fl-d"/>
      </object_component>
      <object_component id="oc-17d">
         <name>.debug_abbrev</name>
         <load_address>0x89a</load_address>
         <run_address>0x89a</run_address>
         <size>0x27</size>
         <input_file_ref idref="fl-d"/>
      </object_component>
      <object_component id="oc-133">
         <name>.debug_abbrev</name>
         <load_address>0x8c1</load_address>
         <run_address>0x8c1</run_address>
         <size>0x132</size>
         <input_file_ref idref="fl-d"/>
      </object_component>
      <object_component id="oc-173">
         <name>.debug_abbrev</name>
         <load_address>0x9f3</load_address>
         <run_address>0x9f3</run_address>
         <size>0xa9</size>
         <input_file_ref idref="fl-f"/>
      </object_component>
      <object_component id="oc-16f">
         <name>.debug_abbrev</name>
         <load_address>0xa9c</load_address>
         <run_address>0xa9c</run_address>
         <size>0x27</size>
         <input_file_ref idref="fl-f"/>
      </object_component>
      <object_component id="oc-171">
         <name>.debug_abbrev</name>
         <load_address>0xac3</load_address>
         <run_address>0xac3</run_address>
         <size>0x27</size>
         <input_file_ref idref="fl-f"/>
      </object_component>
      <object_component id="oc-16d">
         <name>.debug_abbrev</name>
         <load_address>0xaea</load_address>
         <run_address>0xaea</run_address>
         <size>0x29</size>
         <input_file_ref idref="fl-f"/>
      </object_component>
      <object_component id="oc-108">
         <name>.debug_abbrev</name>
         <load_address>0xb13</load_address>
         <run_address>0xb13</run_address>
         <size>0x15d</size>
         <input_file_ref idref="fl-f"/>
      </object_component>
      <object_component id="oc-187">
         <name>.debug_abbrev</name>
         <load_address>0xc70</load_address>
         <run_address>0xc70</run_address>
         <size>0xda</size>
         <input_file_ref idref="fl-11"/>
      </object_component>
      <object_component id="oc-139">
         <name>.debug_abbrev</name>
         <load_address>0xd4a</load_address>
         <run_address>0xd4a</run_address>
         <size>0x107</size>
         <input_file_ref idref="fl-11"/>
      </object_component>
      <object_component id="oc-185">
         <name>.debug_abbrev</name>
         <load_address>0xe51</load_address>
         <run_address>0xe51</run_address>
         <size>0xb0</size>
         <input_file_ref idref="fl-13"/>
      </object_component>
      <object_component id="oc-137">
         <name>.debug_abbrev</name>
         <load_address>0xf01</load_address>
         <run_address>0xf01</run_address>
         <size>0xd4</size>
         <input_file_ref idref="fl-13"/>
      </object_component>
      <object_component id="oc-13b">
         <name>.debug_abbrev</name>
         <load_address>0xfd5</load_address>
         <run_address>0xfd5</run_address>
         <size>0x9b</size>
         <input_file_ref idref="fl-18"/>
      </object_component>
      <object_component id="oc-183">
         <name>.debug_abbrev</name>
         <load_address>0x1070</load_address>
         <run_address>0x1070</run_address>
         <size>0xb0</size>
         <input_file_ref idref="fl-1b"/>
      </object_component>
      <object_component id="oc-135">
         <name>.debug_abbrev</name>
         <load_address>0x1120</load_address>
         <run_address>0x1120</run_address>
         <size>0x12e</size>
         <input_file_ref idref="fl-1b"/>
      </object_component>
      <object_component id="oc-16a">
         <name>.debug_abbrev</name>
         <load_address>0x124e</load_address>
         <run_address>0x124e</run_address>
         <size>0xb0</size>
         <input_file_ref idref="fl-1d"/>
      </object_component>
      <object_component id="oc-f7">
         <name>.debug_abbrev</name>
         <load_address>0x12fe</load_address>
         <run_address>0x12fe</run_address>
         <size>0x7a</size>
         <input_file_ref idref="fl-1d"/>
      </object_component>
      <object_component id="oc-7a">
         <name>.debug_abbrev</name>
         <load_address>0x1378</load_address>
         <run_address>0x1378</run_address>
         <size>0x3e</size>
         <input_file_ref idref="fl-143"/>
      </object_component>
      <object_component id="oc-d4">
         <name>.debug_abbrev</name>
         <load_address>0x13b6</load_address>
         <run_address>0x13b6</run_address>
         <size>0x52</size>
         <input_file_ref idref="fl-144"/>
      </object_component>
      <object_component id="oc-3f">
         <name>.debug_abbrev</name>
         <load_address>0x1408</load_address>
         <run_address>0x1408</run_address>
         <size>0x74</size>
         <input_file_ref idref="fl-144"/>
      </object_component>
      <object_component id="oc-42">
         <name>.debug_abbrev</name>
         <load_address>0x147c</load_address>
         <run_address>0x147c</run_address>
         <size>0x24</size>
         <input_file_ref idref="fl-144"/>
      </object_component>
      <object_component id="oc-d1">
         <name>.debug_abbrev</name>
         <load_address>0x14a0</load_address>
         <run_address>0x14a0</run_address>
         <size>0x24</size>
         <input_file_ref idref="fl-144"/>
      </object_component>
      <object_component id="oc-d7">
         <name>.debug_abbrev</name>
         <load_address>0x14c4</load_address>
         <run_address>0x14c4</run_address>
         <size>0x52</size>
         <input_file_ref idref="fl-145"/>
      </object_component>
      <object_component id="oc-d6">
         <name>.debug_abbrev</name>
         <load_address>0x1516</load_address>
         <run_address>0x1516</run_address>
         <size>0x7b</size>
         <input_file_ref idref="fl-145"/>
      </object_component>
      <object_component id="oc-4c">
         <name>.debug_abbrev</name>
         <load_address>0x1591</load_address>
         <run_address>0x1591</run_address>
         <size>0x66</size>
         <input_file_ref idref="fl-145"/>
      </object_component>
      <object_component id="oc-50">
         <name>.debug_abbrev</name>
         <load_address>0x15f7</load_address>
         <run_address>0x15f7</run_address>
         <size>0x24</size>
         <input_file_ref idref="fl-145"/>
      </object_component>
      <object_component id="oc-db">
         <name>.debug_abbrev</name>
         <load_address>0x161b</load_address>
         <run_address>0x161b</run_address>
         <size>0x24</size>
         <input_file_ref idref="fl-145"/>
      </object_component>
      <object_component id="oc-df">
         <name>.debug_abbrev</name>
         <load_address>0x163f</load_address>
         <run_address>0x163f</run_address>
         <size>0x52</size>
         <input_file_ref idref="fl-146"/>
      </object_component>
      <object_component id="oc-58">
         <name>.debug_abbrev</name>
         <load_address>0x1691</load_address>
         <run_address>0x1691</run_address>
         <size>0x74</size>
         <input_file_ref idref="fl-146"/>
      </object_component>
      <object_component id="oc-5b">
         <name>.debug_abbrev</name>
         <load_address>0x1705</load_address>
         <run_address>0x1705</run_address>
         <size>0x24</size>
         <input_file_ref idref="fl-146"/>
      </object_component>
      <object_component id="oc-168">
         <name>.debug_abbrev</name>
         <load_address>0x1729</load_address>
         <run_address>0x1729</run_address>
         <size>0x6b</size>
         <input_file_ref idref="fl-147"/>
      </object_component>
      <object_component id="oc-166">
         <name>.debug_abbrev</name>
         <load_address>0x1794</load_address>
         <run_address>0x1794</run_address>
         <size>0x29</size>
         <input_file_ref idref="fl-147"/>
      </object_component>
      <object_component id="oc-f2">
         <name>.debug_abbrev</name>
         <load_address>0x17bd</load_address>
         <run_address>0x17bd</run_address>
         <size>0xba</size>
         <input_file_ref idref="fl-147"/>
      </object_component>
      <object_component id="oc-179">
         <name>.debug_abbrev</name>
         <load_address>0x1877</load_address>
         <run_address>0x1877</run_address>
         <size>0x3c</size>
         <input_file_ref idref="fl-148"/>
      </object_component>
      <object_component id="oc-17b">
         <name>.debug_abbrev</name>
         <load_address>0x18b3</load_address>
         <run_address>0x18b3</run_address>
         <size>0x3c</size>
         <input_file_ref idref="fl-149"/>
      </object_component>
      <object_component id="oc-17a">
         <name>.debug_abbrev</name>
         <load_address>0x18ef</load_address>
         <run_address>0x18ef</run_address>
         <size>0x3c</size>
         <input_file_ref idref="fl-14a"/>
      </object_component>
      <object_component id="oc-17c">
         <name>.debug_abbrev</name>
         <load_address>0x192b</load_address>
         <run_address>0x192b</run_address>
         <size>0x3c</size>
         <input_file_ref idref="fl-14b"/>
      </object_component>
      <object_component id="oc-178">
         <name>.debug_abbrev</name>
         <load_address>0x1967</load_address>
         <run_address>0x1967</run_address>
         <size>0x3c</size>
         <input_file_ref idref="fl-14c"/>
      </object_component>
      <object_component id="oc-177">
         <name>.debug_abbrev</name>
         <load_address>0x19a3</load_address>
         <run_address>0x19a3</run_address>
         <size>0x3e</size>
         <input_file_ref idref="fl-14d"/>
      </object_component>
      <object_component id="oc-ce">
         <name>.debug_abbrev</name>
         <load_address>0x19e1</load_address>
         <run_address>0x19e1</run_address>
         <size>0x3e</size>
         <input_file_ref idref="fl-14e"/>
      </object_component>
      <object_component id="oc-de">
         <name>.debug_abbrev</name>
         <load_address>0x1a1f</load_address>
         <run_address>0x1a1f</run_address>
         <size>0x4f</size>
         <input_file_ref idref="fl-14f"/>
      </object_component>
      <object_component id="oc-e1">
         <name>.debug_abbrev</name>
         <load_address>0x1a6e</load_address>
         <run_address>0x1a6e</run_address>
         <size>0x55</size>
         <input_file_ref idref="fl-150"/>
      </object_component>
      <object_component id="oc-f5">
         <name>.debug_abbrev</name>
         <load_address>0x1ac3</load_address>
         <run_address>0x1ac3</run_address>
         <size>0x27</size>
         <input_file_ref idref="fl-151"/>
      </object_component>
      <object_component id="oc-191">
         <name>.debug_abbrev</name>
         <load_address>0x1aea</load_address>
         <run_address>0x1aea</run_address>
         <size>0x45</size>
[...]
         <object_component_ref idref="oc-a0"/>
      </symbol>
      <symbol id="sm-36c">
         <name>PCM_setCoreVoltageLevelWithTimeout</name>
         <value>0x1407</value>
         <object_component_ref idref="oc-a0"/>
      </symbol>
      <symbol id="sm-36d">
         <name>PCM_gotoLPM3</name>
         <value>0x199f</value>
         <object_component_ref idref="oc-a0"/>
      </symbol>
      <symbol id="sm-36e">
         <name>PCM_gotoLPM0</name>
         <value>0x1965</value>
         <object_component_ref idref="oc-a0"/>
      </symbol>
      <symbol id="sm-36f">
         <name>PCM_gotoLPM3InterruptSafe</name>
         <value>0x1a17</value>
         <object_component_ref idref="oc-a0"/>
      </symbol>
      <symbol id="sm-370">
         <name>PCM_enableRudeMode</name>
         <value>0x1a3d</value>
         <object_component_ref idref="oc-a0"/>
      </symbol>
      <symbol id="sm-371">
         <name>PCM_setPowerMode</name>
         <value>0x14ed</value>
         <object_component_ref idref="oc-a0"/>
      </symbol>
      <symbol id="sm-372">
         <name>PCM_disableRudeMode</name>
         <value>0x1a4f</value>
         <object_component_ref idref="oc-a0"/>
      </symbol>
      <symbol id="sm-3ae">
         <name>PSS_setLowSidePerformanceMode</name>
         <value>0x2817</value>
         <object_component_ref idref="oc-9a"/>
      </symbol>
      <symbol id="sm-3af">
         <name>PSS_enableInterrupt</name>
         <value>0x2847</value>
         <object_component_ref idref="oc-9a"/>
      </symbol>
      <symbol id="sm-3b0">
         <name>PSS_enableHighSidePinToggle</name>
         <value>0x2717</value>
         <object_component_ref idref="oc-9a"/>
      </symbol>
      <symbol id="sm-3b1">
         <name>PSS_getInterruptStatus</name>
         <value>0x286b</value>
         <object_component_ref idref="oc-9a"/>
      </symbol>
      <symbol id="sm-3b2">
         <name>PSS_enableHighSideMonitor</name>
         <value>0x27ab</value>
         <object_component_ref idref="oc-9a"/>
      </symbol>
      <symbol id="sm-3b3">
         <name>PSS_disableHighSidePinToggle</name>
         <value>0x2745</value>
         <object_component_ref idref="oc-9a"/>
      </symbol>
      <symbol id="sm-3b4">
         <name>PSS_enableLowSide</name>
         <value>0x27f3</value>
         <object_component_ref idref="oc-9a"/>
      </symbol>
      <symbol id="sm-3b5">
         <name>PSS_setHighSideVoltageTrigger</name>
         <value>0x27cf</value>
         <object_component_ref idref="oc-9a"/>
      </symbol>
      <symbol id="sm-3b6">
         <name>PSS_getHighSideVoltageTrigger</name>
         <value>0x27e9</value>
         <object_component_ref idref="oc-9a"/>
      </symbol>
      <symbol id="sm-3b7">
         <name>PSS_clearInterruptFlag</name>
         <value>0x2871</value>
         <object_component_ref idref="oc-9a"/>
      </symbol>
      <symbol id="sm-3b8">
         <name>PSS_disableLowSide</name>
         <value>0x2805</value>
         <object_component_ref idref="oc-9a"/>
      </symbol>
      <symbol id="sm-3b9">
         <name>PSS_getLowSidePerformanceMode</name>
         <value>0x2839</value>
         <object_component_ref idref="oc-9a"/>
      </symbol>
      <symbol id="sm-3ba">
         <name>PSS_disableHighSide</name>
         <value>0x2769</value>
         <object_component_ref idref="oc-9a"/>
      </symbol>
      <symbol id="sm-3bb">
         <name>PSS_enableHighSide</name>
         <value>0x2757</value>
         <object_component_ref idref="oc-9a"/>
      </symbol>
      <symbol id="sm-3bc">
         <name>PSS_setHighSidePerformanceMode</name>
         <value>0x277b</value>
         <object_component_ref idref="oc-9a"/>
      </symbol>
      <symbol id="sm-3bd">
         <name>PSS_getHighSidePerformanceMode</name>
         <value>0x279d</value>
         <object_component_ref idref="oc-9a"/>
      </symbol>
      <symbol id="sm-3be">
         <name>PSS_disableHighSideMonitor</name>
         <value>0x27bd</value>
         <object_component_ref idref="oc-9a"/>
      </symbol>
      <symbol id="sm-3bf">
         <name>PSS_registerInterrupt</name>
         <value>0x2883</value>
         <object_component_ref idref="oc-9a"/>
      </symbol>
      <symbol id="sm-3c0">
         <name>PSS_unregisterInterrupt</name>
         <value>0x2897</value>
         <object_component_ref idref="oc-9a"/>
      </symbol>
      <symbol id="sm-3c1">
         <name>PSS_disableInterrupt</name>
         <value>0x2859</value>
         <object_component_ref idref="oc-9a"/>
      </symbol>
      <symbol id="sm-3fc">
         <name>SysCtl_disableSRAMBankRetention</name>
         <value>0x29b9</value>
         <object_component_ref idref="oc-a6"/>
      </symbol>
      <symbol id="sm-3fd">
         <name>SysCtl_getTempCalibrationConstant</name>
         <value>0x2a69</value>
         <object_component_ref idref="oc-a6"/>
      </symbol>
      <symbol id="sm-3fe">
         <name>SysCtl_enablePeripheralAtCPUHalt</name>
         <value>0x29e1</value>
         <object_component_ref idref="oc-a6"/>
      </symbol>
      <symbol id="sm-3ff">
         <name>SysCtl_getSRAMSize</name>
         <value>0x28d9</value>
         <object_component_ref idref="oc-a6"/>
      </symbol>
      <symbol id="sm-400">
         <name>SysCtl_enableSRAMBank</name>
         <value>0x2913</value>
         <object_component_ref idref="oc-a6"/>
      </symbol>
      <symbol id="sm-401">
         <name>SysCtl_disablePeripheralAtCPUHalt</name>
         <value>0x29f5</value>
         <object_component_ref idref="oc-a6"/>
      </symbol>
      <symbol id="sm-402">
         <name>SysCtl_setWDTTimeoutResetType</name>
         <value>0x2a09</value>
         <object_component_ref idref="oc-a6"/>
      </symbol>
      <symbol id="sm-403">
         <name>SysCtl_getNMISourceStatus</name>
         <value>0x290d</value>
         <object_component_ref idref="oc-a6"/>
      </symbol>
      <symbol id="sm-404">
         <name>SysCtl_enableNMISource</name>
         <value>0x28f9</value>
         <object_component_ref idref="oc-a6"/>
      </symbol>
      <symbol id="sm-405">
         <name>SysCtl_disableSRAMBank</name>
         <value>0x2931</value>
         <object_component_ref idref="oc-a6"/>
      </symbol>
      <symbol id="sm-406">
         <name>SysCtl_disableGlitchFilter</name>
         <value>0x2a5d</value>
         <object_component_ref idref="oc-a6"/>
      </symbol>
      <symbol id="sm-407">
         <name>SysCtl_disableNMISource</name>
         <value>0x28e5</value>
         <object_component_ref idref="oc-a6"/>
      </symbol>
      <symbol id="sm-408">
         <name>SysCtl_setWDTPasswordViolationResetType</name>
         <value>0x2a2d</value>
         <object_component_ref idref="oc-a6"/>
      </symbol>
      <symbol id="sm-409">
         <name>SysCtl_rebootDevice</name>
         <value>0x29d7</value>
         <object_component_ref idref="oc-a6"/>
      </symbol>
      <symbol id="sm-40a">
         <name>SysCtl_getFlashSize</name>
         <value>0x28df</value>
         <object_component_ref idref="oc-a6"/>
      </symbol>
      <symbol id="sm-40b">
         <name>SysCtl_enableGlitchFilter</name>
         <value>0x2a51</value>
         <object_component_ref idref="oc-a6"/>
      </symbol>
      <symbol id="sm-40c">
         <name>SysCtl_enableSRAMBankRetention</name>
         <value>0x299b</value>
         <object_component_ref idref="oc-a6"/>
      </symbol>
      <symbol id="sm-479">
         <name>Timer_A_setOutputForOutputModeOutBitValue</name>
         <value>0x1075</value>
         <object_component_ref idref="oc-94"/>
      </symbol>
      <symbol id="sm-47a">
         <name>Timer_A_getOutputForOutputModeOutBitValue</name>
         <value>0x1033</value>
         <object_component_ref idref="oc-94"/>
      </symbol>
      <symbol id="sm-47b">
         <name>Timer_A_enableCaptureCompareInterrupt</name>
         <value>0x119b</value>
         <object_component_ref idref="oc-94"/>
      </symbol>
      <symbol id="sm-47c">
         <name>Timer_A_getCounterValue</name>
         <value>0xf93</value>
         <object_component_ref idref="oc-94"/>
      </symbol>
      <symbol id="sm-47d">
         <name>Timer_A_setCompareValue</name>
         <value>0x10fb</value>
         <object_component_ref idref="oc-94"/>
      </symbol>
      <symbol id="sm-47e">
         <name>Timer_A_clearCaptureCompareInterrupt</name>
         <value>0x1131</value>
         <object_component_ref idref="oc-94"/>
      </symbol>
      <symbol id="sm-47f">
         <name>Timer_A_registerInterrupt</name>
         <value>0x1261</value>
         <object_component_ref idref="oc-94"/>
      </symbol>
      <symbol id="sm-480">
         <name>Timer_A_initCompare</name>
         <value>0xf5d</value>
         <object_component_ref idref="oc-94"/>
      </symbol>
      <symbol id="sm-481">
         <name>Timer_A_generatePWM</name>
         <value>0x1089</value>
         <object_component_ref idref="oc-94"/>
      </symbol>
      <symbol id="sm-482">
         <name>Timer_A_startCounter</name>
         <value>0xe21</value>
         <object_component_ref idref="oc-94"/>
      </symbol>
      <symbol id="sm-483">
         <name>Timer_A_initCapture</name>
         <value>0xf1b</value>
         <object_component_ref idref="oc-94"/>
      </symbol>
      <symbol id="sm-484">
         <name>Timer_A_getCaptureCompareCount</name>
         <value>0x1061</value>
         <object_component_ref idref="oc-94"/>
      </symbol>
      <symbol id="sm-485">
         <name>Timer_A_disableCaptureCompareInterrupt</name>
         <value>0x11c3</value>
         <object_component_ref idref="oc-94"/>
      </symbol>
      <symbol id="sm-486">
         <name>Timer_A_stopTimer</name>
         <value>0x10e7</value>
         <object_component_ref idref="oc-94"/>
      </symbol>
      <symbol id="sm-487">
         <name>Timer_A_getCaptureCompareInterruptStatus</name>
         <value>0x11eb</value>
         <object_component_ref idref="oc-94"/>
      </symbol>
      <symbol id="sm-488">
         <name>Timer_A_clearTimer</name>
         <value>0xfff</value>
         <object_component_ref idref="oc-94"/>
      </symbol>
      <symbol id="sm-489">
         <name>Timer_A_clearInterruptFlag</name>
         <value>0x1115</value>
         <object_component_ref idref="oc-94"/>
      </symbol>
      <symbol id="sm-48a">
         <name>Timer_A_configureUpDownMode</name>
         <value>0xec1</value>
         <object_component_ref idref="oc-94"/>
      </symbol>
      <symbol id="sm-48b">
         <name>Timer_A_getSynchronizedCaptureCompareInput</name>
         <value>0x1013</value>
         <object_component_ref idref="oc-94"/>
      </symbol>
      <symbol id="sm-48c">
         <name>Timer_A_configureUpMode</name>
         <value>0xe67</value>
         <object_component_ref idref="oc-94"/>
      </symbol>
      <symbol id="sm-48d">
         <name>Timer_A_getEnabledInterruptStatus</name>
         <value>0x1209</value>
         <object_component_ref idref="oc-94"/>
      </symbol>
      <symbol id="sm-48e">
         <name>Timer_A_disableInterrupt</name>
         <value>0x1171</value>
         <object_component_ref idref="oc-94"/>
      </symbol>
      <symbol id="sm-48f">
         <name>Timer_A_configureContinuousMode</name>
         <value>0xe37</value>
         <object_component_ref idref="oc-94"/>
      </symbol>
      <symbol id="sm-490">
         <name>Timer_A_getCaptureCompareEnabledInterruptStatus</name>
         <value>0x1221</value>
         <object_component_ref idref="oc-94"/>
      </symbol>
      <symbol id="sm-491">
         <name>Timer_A_getInterruptStatus</name>
         <value>0x1189</value>
         <object_component_ref idref="oc-94"/>
      </symbol>
      <symbol id="sm-492">
         <name>Timer_A_enableInterrupt</name>
         <value>0x115d</value>
         <object_component_ref idref="oc-94"/>
      </symbol>
      <symbol id="sm-493">
         <name>Timer_A_unregisterInterrupt</name>
         <value>0x1333</value>
         <object_component_ref idref="oc-94"/>
      </symbol>
      <symbol id="sm-4ab">
         <name>WDT_A_setTimeoutReset</name>
         <value>0x2f35</value>
         <object_component_ref idref="oc-7c"/>
      </symbol>
      <symbol id="sm-4ac">
         <name>WDT_A_registerInterrupt</name>
         <value>0x2f41</value>
         <object_component_ref idref="oc-7c"/>
      </symbol>
      <symbol id="sm-4ad">
         <name>WDT_A_setPasswordViolationReset</name>
         <value>0x2f29</value>
         <object_component_ref idref="oc-7c"/>
      </symbol>
      <symbol id="sm-4ae">
         <name>WDT_A_initIntervalTimer</name>
         <value>0x2f0d</value>
         <object_component_ref idref="oc-7c"/>
      </symbol>
      <symbol id="sm-4af">
         <name>WDT_A_clearTimer</name>
         <value>0x2ed1</value>
         <object_component_ref idref="oc-7c"/>
      </symbol>
      <symbol id="sm-4b0">
         <name>WDT_A_holdTimer</name>
         <value>0x2e91</value>
         <object_component_ref idref="oc-7c"/>
      </symbol>
      <symbol id="sm-4b1">
         <name>WDT_A_initWatchdogTimer</name>
         <value>0x2ef1</value>
         <object_component_ref idref="oc-7c"/>
      </symbol>
      <symbol id="sm-4b2">
         <name>WDT_A_startTimer</name>
         <value>0x2eb1</value>
         <object_component_ref idref="oc-7c"/>
      </symbol>
      <symbol id="sm-4b3">
         <name>WDT_A_unregisterInterrupt</name>
         <value>0x2f55</value>
         <object_component_ref idref="oc-7c"/>
      </symbol>
      <symbol id="sm-4c5">
         <name>_c_int00</name>
         <value>0x3159</value>
         <object_component_ref idref="oc-25"/>
      </symbol>
      <symbol id="sm-4c6">
         <name>__stack</name>
         <value>0x2000fe00</value>
         <object_component_ref idref="oc-2a"/>
      </symbol>
      <symbol id="sm-4dd">
         <name>__TI_decompress_none</name>
         <value>0x3351</value>
         <object_component_ref idref="oc-13"/>
      </symbol>
      <symbol id="sm-505">
         <name>__TI_decompress_rle24</name>
         <value>0x3377</value>
         <object_component_ref idref="oc-19"/>
      </symbol>
      <symbol id="sm-517">
         <name>__TI_zero_init</name>
         <value>0x335f</value>
         <object_component_ref idref="oc-1f"/>
      </symbol>
      <symbol id="sm-536">
         <name>C$$EXIT</name>
         <value>0x323d</value>
         <object_component_ref idref="oc-71"/>
      </symbol>
      <symbol id="sm-537">
         <name>abort</name>
         <value>0x3241</value>
         <object_component_ref idref="oc-71"/>
      </symbol>
      <symbol id="sm-538">
         <name>exit</name>
         <value>0x3249</value>
         <object_component_ref idref="oc-71"/>
      </symbol>
      <symbol id="sm-539">
         <name>__TI_dtors_ptr</name>
         <value>0x200000f8</value>
         <object_component_ref idref="oc-ef"/>
      </symbol>
      <symbol id="sm-53a">
         <name>__TI_cleanup_ptr</name>
         <value>0x200000f4</value>
         <object_component_ref idref="oc-ef"/>
      </symbol>
      <symbol id="sm-55e">
         <name>__aeabi_dsub</name>
         <value>0x2aa9</value>
         <object_component_ref idref="oc-118"/>
      </symbol>
      <symbol id="sm-55f">
         <name>__aeabi_dadd</name>
         <value>0x2ab3</value>
         <object_component_ref idref="oc-118"/>
      </symbol>
      <symbol id="sm-57f">
         <name>__aeabi_ddiv</name>
         <value>0x2c5f</value>
         <object_component_ref idref="oc-122"/>
      </symbol>
      <symbol id="sm-596">
         <name>__aeabi_dmul</name>
         <value>0x2d95</value>
         <object_component_ref idref="oc-11d"/>
      </symbol>
      <symbol id="sm-5a4">
         <name>__aeabi_d2iz</name>
         <value>0x31f5</value>
         <object_component_ref idref="oc-127"/>
      </symbol>
      <symbol id="sm-5b2">
         <name>__aeabi_f2d</name>
         <value>0x32bf</value>
         <object_component_ref idref="oc-113"/>
      </symbol>
      <symbol id="sm-5be">
         <name>__aeabi_i2d</name>
         <value>0x32f7</value>
         <object_component_ref idref="oc-10e"/>
      </symbol>
      <symbol id="sm-5d9">
         <name>memcpy</name>
         <value>0x2f69</value>
         <object_component_ref idref="oc-3a"/>
      </symbol>
      <symbol id="sm-5da">
         <name>__aeabi_memcpy</name>
         <value>0x2f69</value>
         <object_component_ref idref="oc-3a"/>
      </symbol>
      <symbol id="sm-5db">
         <name>__aeabi_memcpy8</name>
         <value>0x2f69</value>
         <object_component_ref idref="oc-3a"/>
      </symbol>
      <symbol id="sm-5dc">
         <name>__aeabi_memcpy4</name>
         <value>0x2f69</value>
         <object_component_ref idref="oc-3a"/>
      </symbol>
      <symbol id="sm-5eb">
         <name>__aeabi_memset</name>
         <value>0x3007</value>
         <object_component_ref idref="oc-53"/>
      </symbol>
      <symbol id="sm-5ec">
         <name>memset</name>
         <value>0x300d</value>
         <object_component_ref idref="oc-53"/>
      </symbol>
      <symbol id="sm-5ed">
         <name>__aeabi_memset8</name>
         <value>0x3007</value>
         <object_component_ref idref="oc-53"/>
      </symbol>
      <symbol id="sm-5ee">
         <name>__aeabi_memset4</name>
         <value>0x3007</value>
         <object_component_ref idref="oc-53"/>
      </symbol>
      <symbol id="sm-5ef">
         <name>__aeabi_memclr8</name>
         <value>0x3005</value>
         <object_component_ref idref="oc-53"/>
      </symbol>
      <symbol id="sm-5f0">
         <name>__aeabi_memclr4</name>
         <value>0x3005</value>
         <object_component_ref idref="oc-53"/>
      </symbol>
      <symbol id="sm-5f1">
         <name>__aeabi_memclr</name>
         <value>0x3005</value>
         <object_component_ref idref="oc-53"/>
      </symbol>
      <symbol id="sm-5fb">
         <name>_system_pre_init</name>
         <value>0x337d</value>
         <object_component_ref idref="oc-5f"/>
      </symbol>
      <symbol id="sm-603">
         <name>main_func_sp</name>
         <value>0x200000fc</value>
         <object_component_ref idref="oc-77"/>
      </symbol>
      <symbol id="sm-61c">
         <name>_nop</name>
         <value>0x334b</value>
         <object_component_ref idref="oc-15c"/>
      </symbol>
      <symbol id="sm-61d">
         <name>_lock</name>
         <value>0x200000ec</value>
         <object_component_ref idref="oc-ec"/>
      </symbol>
      <symbol id="sm-61e">
         <name>_unlock</name>
         <value>0x200000f0</value>
         <object_component_ref idref="oc-ec"/>
      </symbol>
      <symbol id="sm-61f">
         <name>_register_lock</name>
         <value>0x3343</value>
         <object_component_ref idref="oc-15c"/>
      </symbol>
      <symbol id="sm-620">
         <name>_register_unlock</name>
         <value>0x333d</value>
         <object_component_ref idref="oc-15c"/>
      </symbol>
      <symbol id="sm-635">
         <name>_args_main</name>
         <value>0x3325</value>
         <object_component_ref idref="oc-6b"/>
      </symbol>
      <symbol id="sm-65b">
         <name>__TI_auto_init</name>
         <value>0x3081</value>
         <object_component_ref idref="oc-65"/>
      </symbol>
      <symbol id="sm-675">
         <name>copy_in</name>
         <value>0x31a9</value>
         <object_component_ref idref="oc-e2"/>
      </symbol>
      <symbol id="sm-676">
         <name>__TI_static_base__</name>
         <value>0x0</value>
      </symbol>
      <symbol id="sm-679">
         <name>SHT$$INIT_ARRAY$$Limit</name>
         <value>0x0</value>
      </symbol>
      <symbol id="sm-67a">
         <name>SHT$$INIT_ARRAY$$Base</name>
         <value>0x0</value>
      </symbol>
   </symbol_table>
   <title>Link successful</title>
</link_info>
