<?xml version="1.0"?>
<link_info>
   <banner>TI ARM Linker PC v5.2.5</banner>
   <copyright>Copyright (c) 1996-2015 Texas Instruments Incorporated</copyright>
   <link_time>0x56d6770c</link_time>
   <link_errors>0x0</link_errors>
   <output_file>lab2_clock.out</output_file>
   <entry_point>
      <name>_c_int00</name>
      <address>0x811</address>
   </entry_point>
   <input_file_list>
      <input_file id="fl-2">
         <path>.\</path>
         <kind>object</kind>
         <file>lab2_clock_system.obj</file>
         <name>lab2_clock_system.obj</name>
      </input_file>
      <input_file id="fl-3">
         <path>.\</path>
         <kind>object</kind>
         <file>lab2_clock_system_startup_ccs.obj</file>
         <name>lab2_clock_system_startup_ccs.obj</name>
      </input_file>
      <input_file id="fl-9">
         <path>..\</path>
         <kind>archive</kind>
         <file>msp432p4xx_driverlib.lib</file>
         <name>flash.o</name>
      </input_file>
      <input_file id="fl-a">
         <path>..\</path>
         <kind>archive</kind>
         <file>msp432p4xx_driverlib.lib</file>
         <name>gpio.o</name>
      </input_file>
      <input_file id="fl-b">
         <path>..\</path>
         <kind>archive</kind>
         <file>msp432p4xx_driverlib.lib</file>
         <name>interrupt.o</name>
      </input_file>
      <input_file id="fl-c">
         <path>..\</path>
         <kind>archive</kind>
         <file>msp432p4xx_driverlib.lib</file>
         <name>pcm.o</name>
      </input_file>
      <input_file id="fl-d">
         <path>..\</path>
         <kind>archive</kind>
         <file>msp432p4xx_driverlib.lib</file>
         <name>sysctl.o</name>
      </input_file>
      <input_file id="fl-e">
         <path>..\</path>
         <kind>archive</kind>
         <file>msp432p4xx_driverlib.lib</file>
         <name>systick.o</name>
      </input_file>
      <input_file id="fl-f">
         <path>..\</path>
         <kind>archive</kind>
         <file>msp432p4xx_driverlib.lib</file>
         <name>wdt_a.o</name>
      </input_file>
      <input_file id="fl-10">
         <path>..\</path>
         <kind>archive</kind>
         <file>msp432p4xx_driverlib.lib</file>
         <name>cpu.o</name>
      </input_file>
      <input_file id="fl-132">
         <path>C:\ti\ccsv6\tools\compiler\ti-cgt-arm_5.2.5\lib\</path>
         <kind>archive</kind>
         <file>rtsv7M4_T_le_v4SPD16_eabi.lib</file>
         <name>boot.obj</name>
      </input_file>
      <input_file id="fl-133">
         <path>C:\ti\ccsv6\tools\compiler\ti-cgt-arm_5.2.5\lib\</path>
         <kind>archive</kind>
         <file>rtsv7M4_T_le_v4SPD16_eabi.lib</file>
         <name>copy_decompress_none.obj</name>
      </input_file>
      <input_file id="fl-134">
         <path>C:\ti\ccsv6\tools\compiler\ti-cgt-arm_5.2.5\lib\</path>
         <kind>archive</kind>
         <file>rtsv7M4_T_le_v4SPD16_eabi.lib</file>
         <name>copy_decompress_rle.obj</name>
      </input_file>
      <input_file id="fl-135">
         <path>C:\ti\ccsv6\tools\compiler\ti-cgt-arm_5.2.5\lib\</path>
         <kind>archive</kind>
         <file>rtsv7M4_T_le_v4SPD16_eabi.lib</file>
         <name>copy_zero_init.obj</name>
      </input_file>
      <input_file id="fl-136">
         <path>C:\ti\ccsv6\tools\compiler\ti-cgt-arm_5.2.5\lib\</path>
         <kind>archive</kind>
         <file>rtsv7M4_T_le_v4SPD16_eabi.lib</file>
         <name>exit.obj</name>
      </input_file>
      <input_file id="fl-137">
         <path>C:\ti\ccsv6\tools\compiler\ti-cgt-arm_5.2.5\lib\</path>
         <kind>archive</kind>
         <file>rtsv7M4_T_le_v4SPD16_eabi.lib</file>
         <name>memcpy_t2.obj</name>
      </input_file>
      <input_file id="fl-138">
         <path>C:\ti\ccsv6\tools\compiler\ti-cgt-arm_5.2.5\lib\</path>
         <kind>archive</kind>
         <file>rtsv7M4_T_le_v4SPD16_eabi.lib</file>
         <name>memset_t2.obj</name>
      </input_file>
      <input_file id="fl-139">
         <path>C:\ti\ccsv6\tools\compiler\ti-cgt-arm_5.2.5\lib\</path>
         <kind>archive</kind>
         <file>rtsv7M4_T_le_v4SPD16_eabi.lib</file>
         <name>pre_init.obj</name>
      </input_file>
      <input_file id="fl-13a">
         <path>C:\ti\ccsv6\tools\compiler\ti-cgt-arm_5.2.5\lib\</path>
         <kind>archive</kind>
         <file>rtsv7M4_T_le_v4SPD16_eabi.lib</file>
         <name>stkdepth_vars.obj</name>
      </input_file>
      <input_file id="fl-13b">
         <path>C:\ti\ccsv6\tools\compiler\ti-cgt-arm_5.2.5\lib\</path>
         <kind>archive</kind>
         <file>rtsv7M4_T_le_v4SPD16_eabi.lib</file>
         <name>_lock.obj</name>
      </input_file>
      <input_file id="fl-13c">
         <path>C:\ti\ccsv6\tools\compiler\ti-cgt-arm_5.2.5\lib\</path>
         <kind>archive</kind>
         <file>rtsv7M4_T_le_v4SPD16_eabi.lib</file>
         <name>args_main.obj</name>
      </input_file>
      <input_file id="fl-13d">
         <path>C:\ti\ccsv6\tools\compiler\ti-cgt-arm_5.2.5\lib\</path>
         <kind>archive</kind>
         <file>rtsv7M4_T_le_v4SPD16_eabi.lib</file>
         <name>autoinit.obj</name>
      </input_file>
      <input_file id="fl-13e">
         <path>C:\ti\ccsv6\tools\compiler\ti-cgt-arm_5.2.5\lib\</path>
         <kind>archive</kind>
         <file>rtsv7M4_T_le_v4SPD16_eabi.lib</file>
         <name>cpy_tbl.obj</name>
      </input_file>
   </input_file_list>
   <object_component_list>
      <object_component id="oc-10">
         <name>.intvecs</name>
         <load_address>0x0</load_address>
         <run_address>0x0</run_address>
         <size>0x144</size>
         <input_file_ref idref="fl-3"/>
      </object_component>
      <object_component id="oc-31">
         <name>.text</name>
         <load_address>0x144</load_address>
         <run_address>0x144</run_address>
         <size>0x2fc</size>
         <input_file_ref idref="fl-2"/>
      </object_component>
      <object_component id="oc-1cc">
         <name>.text:PCM_setPowerModeWithTimeout</name>
         <load_address>0x440</load_address>
         <run_address>0x440</run_address>
         <size>0xd4</size>
         <input_file_ref idref="fl-c"/>
      </object_component>
      <object_component id="oc-135">
         <name>.text:PCM_setCoreVoltageLevelWithTimeout</name>
         <load_address>0x514</load_address>
         <run_address>0x514</run_address>
         <size>0xa8</size>
         <input_file_ref idref="fl-c"/>
      </object_component>
      <object_component id="oc-3a">
         <name>.text</name>
         <load_address>0x5bc</load_address>
         <run_address>0x5bc</run_address>
         <size>0x9c</size>
         <input_file_ref idref="fl-137"/>
      </object_component>
      <object_component id="oc-53">
         <name>.text</name>
         <load_address>0x658</load_address>
         <run_address>0x658</run_address>
         <size>0x7a</size>
         <input_file_ref idref="fl-138"/>
      </object_component>
      <object_component id="oc-65">
         <name>.text</name>
         <load_address>0x6d4</load_address>
         <run_address>0x6d4</run_address>
         <size>0x6c</size>
         <input_file_ref idref="fl-13d"/>
      </object_component>
      <object_component id="oc-46">
         <name>.text</name>
         <load_address>0x740</load_address>
         <run_address>0x740</run_address>
         <size>0x6a</size>
         <input_file_ref idref="fl-134"/>
      </object_component>
      <object_component id="oc-b2">
         <name>.text:Interrupt_enableInterrupt</name>
         <load_address>0x7ac</load_address>
         <run_address>0x7ac</run_address>
         <size>0x64</size>
         <input_file_ref idref="fl-b"/>
      </object_component>
      <object_component id="oc-25">
         <name>.text</name>
         <load_address>0x810</load_address>
         <run_address>0x810</run_address>
         <size>0x50</size>
         <input_file_ref idref="fl-132"/>
      </object_component>
      <object_component id="oc-8e">
         <name>.text:GPIO_setAsPeripheralModuleFunctionOutputPin</name>
         <load_address>0x860</load_address>
         <run_address>0x860</run_address>
         <size>0x4c</size>
         <input_file_ref idref="fl-a"/>
      </object_component>
      <object_component id="oc-11f">
         <name>.text</name>
         <load_address>0x8ac</load_address>
         <run_address>0x8ac</run_address>
         <size>0x4c</size>
         <input_file_ref idref="fl-13e"/>
      </object_component>
      <object_component id="oc-71">
         <name>.text</name>
         <load_address>0x8f8</load_address>
         <run_address>0x8f8</run_address>
         <size>0x44</size>
         <input_file_ref idref="fl-136"/>
      </object_component>
      <object_component id="oc-d0">
         <name>.text:GPIO_getEnabledInterruptStatus</name>
         <load_address>0x93c</load_address>
         <run_address>0x93c</run_address>
         <size>0x30</size>
         <input_file_ref idref="fl-a"/>
      </object_component>
      <object_component id="oc-9a">
         <name>.text:GPIO_setAsInputPinWithPullUpResistor</name>
         <load_address>0x96c</load_address>
         <run_address>0x96c</run_address>
         <size>0x30</size>
         <input_file_ref idref="fl-a"/>
      </object_component>
      <object_component id="oc-197">
         <name>.text:PCM_getCoreVoltageLevel</name>
         <load_address>0x99c</load_address>
         <run_address>0x99c</run_address>
         <size>0x2c</size>
         <input_file_ref idref="fl-c"/>
      </object_component>
      <object_component id="oc-191">
         <name>.text:PCM_getPowerMode</name>
         <load_address>0x9c8</load_address>
         <run_address>0x9c8</run_address>
         <size>0x2a</size>
         <input_file_ref idref="fl-c"/>
      </object_component>
      <object_component id="oc-88">
         <name>.text:FlashCtl_setWaitState</name>
         <load_address>0x9f4</load_address>
         <run_address>0x9f4</run_address>
         <size>0x28</size>
         <input_file_ref idref="fl-9"/>
      </object_component>
      <object_component id="oc-94">
         <name>.text:GPIO_setAsOutputPin</name>
         <load_address>0xa1c</load_address>
         <run_address>0xa1c</run_address>
         <size>0x24</size>
         <input_file_ref idref="fl-a"/>
      </object_component>
      <object_component id="oc-ac">
         <name>.text:GPIO_interruptEdgeSelect</name>
         <load_address>0xa40</load_address>
         <run_address>0xa40</run_address>
         <size>0x20</size>
         <input_file_ref idref="fl-a"/>
      </object_component>
      <object_component id="oc-a0">
         <name>.text:GPIO_clearInterruptFlag</name>
         <load_address>0xa60</load_address>
         <run_address>0xa60</run_address>
         <size>0x18</size>
         <input_file_ref idref="fl-a"/>
      </object_component>
      <object_component id="oc-d6">
         <name>.text:GPIO_disableInterrupt</name>
         <load_address>0xa78</load_address>
         <run_address>0xa78</run_address>
         <size>0x18</size>
         <input_file_ref idref="fl-a"/>
      </object_component>
      <object_component id="oc-7c">
         <name>.text:WDT_A_holdTimer</name>
         <load_address>0xa90</load_address>
         <run_address>0xa90</run_address>
         <size>0x18</size>
         <input_file_ref idref="fl-f"/>
      </object_component>
      <object_component id="oc-6b">
         <name>.text</name>
         <load_address>0xaa8</load_address>
         <run_address>0xaa8</run_address>
         <size>0x18</size>
         <input_file_ref idref="fl-13c"/>
      </object_component>
      <object_component id="oc-a6">
         <name>.text:GPIO_enableInterrupt</name>
         <load_address>0xac0</load_address>
         <run_address>0xac0</run_address>
         <size>0x14</size>
         <input_file_ref idref="fl-a"/>
      </object_component>
      <object_component id="oc-ee">
         <name>.text:GPIO_toggleOutputOnPin</name>
         <load_address>0xad4</load_address>
         <run_address>0xad4</run_address>
         <size>0x14</size>
         <input_file_ref idref="fl-a"/>
      </object_component>
      <object_component id="oc-dc">
         <name>.text:Interrupt_disableSleepOnIsrExit</name>
         <load_address>0xae8</load_address>
         <run_address>0xae8</run_address>
         <size>0x14</size>
         <input_file_ref idref="fl-b"/>
      </object_component>
      <object_component id="oc-e8">
         <name>.text:SysTick_disableInterrupt</name>
         <load_address>0xafc</load_address>
         <run_address>0xafc</run_address>
         <size>0x14</size>
         <input_file_ref idref="fl-e"/>
      </object_component>
      <object_component id="oc-e2">
         <name>.text:SysTick_disableModule</name>
         <load_address>0xb10</load_address>
         <run_address>0xb10</run_address>
         <size>0x14</size>
         <input_file_ref idref="fl-e"/>
      </object_component>
      <object_component id="oc-c4">
         <name>.text:SysTick_enableInterrupt</name>
         <load_address>0xb24</load_address>
         <run_address>0xb24</run_address>
         <size>0x14</size>
         <input_file_ref idref="fl-e"/>
      </object_component>
      <object_component id="oc-b8">
         <name>.text:SysTick_enableModule</name>
         <load_address>0xb38</load_address>
         <run_address>0xb38</run_address>
         <size>0x14</size>
         <input_file_ref idref="fl-e"/>
      </object_component>
      <object_component id="oc-183">
         <name>.text</name>
         <load_address>0xb4c</load_address>
         <run_address>0xb4c</run_address>
         <size>0x14</size>
         <input_file_ref idref="fl-13b"/>
      </object_component>
      <object_component id="oc-159">
         <name>.text:GPIO_getInterruptStatus</name>
         <load_address>0xb60</load_address>
         <run_address>0xb60</run_address>
         <size>0x10</size>
         <input_file_ref idref="fl-a"/>
      </object_component>
      <object_component id="oc-ca">
         <name>.text:Interrupt_enableMaster</name>
         <load_address>0xb70</load_address>
         <run_address>0xb70</run_address>
         <size>0x10</size>
         <input_file_ref idref="fl-b"/>
      </object_component>
      <object_component id="oc-19d">
         <name>.text:PCM_getPowerState</name>
         <load_address>0xb80</load_address>
         <run_address>0xb80</run_address>
         <size>0x10</size>
         <input_file_ref idref="fl-c"/>
      </object_component>
      <object_component id="oc-13">
         <name>.text:decompress:none</name>
         <load_address>0xb90</load_address>
         <run_address>0xb90</run_address>
         <size>0xe</size>
         <input_file_ref idref="fl-133"/>
      </object_component>
      <object_component id="oc-152">
         <name>.text:CPU_cpsie</name>
         <load_address>0xb9e</load_address>
         <run_address>0xb9e</run_address>
         <size>0xc</size>
         <input_file_ref idref="fl-10"/>
      </object_component>
      <object_component id="oc-be">
         <name>.text:SysTick_setPeriod</name>
         <load_address>0xbac</load_address>
         <run_address>0xbac</run_address>
         <size>0xc</size>
         <input_file_ref idref="fl-e"/>
      </object_component>
      <object_component id="oc-2b">
         <name>.text</name>
         <load_address>0xbb8</load_address>
         <run_address>0xbb8</run_address>
         <size>0xc</size>
         <input_file_ref idref="fl-3"/>
      </object_component>
      <object_component id="oc-82">
         <name>.text:PCM_setCoreVoltageLevel</name>
         <load_address>0xbc4</load_address>
         <run_address>0xbc4</run_address>
         <size>0x6</size>
         <input_file_ref idref="fl-c"/>
      </object_component>
      <object_component id="oc-1a3">
         <name>.text:PCM_setPowerMode</name>
         <load_address>0xbca</load_address>
         <run_address>0xbca</run_address>
         <size>0x6</size>
         <input_file_ref idref="fl-c"/>
      </object_component>
      <object_component id="oc-19">
         <name>.text:decompress:rle24</name>
         <load_address>0xbd0</load_address>
         <run_address>0xbd0</run_address>
         <size>0x6</size>
         <input_file_ref idref="fl-134"/>
      </object_component>
      <object_component id="oc-5f">
         <name>.text</name>
         <load_address>0xbd6</load_address>
         <run_address>0xbd6</run_address>
         <size>0x4</size>
         <input_file_ref idref="fl-139"/>
      </object_component>
      <object_component id="oc-149">
         <name>.const</name>
         <load_address>0xbdc</load_address>
         <run_address>0xbdc</run_address>
         <size>0x40</size>
         <input_file_ref idref="fl-b"/>
      </object_component>
      <object_component id="oc-13f">
         <name>.const:GPIO_PORT_TO_BASE</name>
         <load_address>0xc1c</load_address>
         <run_address>0xc1c</run_address>
         <size>0x30</size>
         <input_file_ref idref="fl-a"/>
      </object_component>
      <object_component id="oc-1f7">
         <name>.cinit..data.load</name>
         <load_address>0xc50</load_address>
         <run_address>0xc50</run_address>
         <size>0x24</size>
      </object_component>
      <object_component id="oc-1f5">
         <name>__TI_handler_table</name>
         <load_address>0xc74</load_address>
         <run_address>0xc74</run_address>
         <size>0x8</size>
      </object_component>
      <object_component id="oc-1f6">
         <name>__TI_cinit_table</name>
         <load_address>0xc7c</load_address>
         <run_address>0xc7c</run_address>
         <size>0x8</size>
      </object_component>
      <object_component id="oc-2a">
         <name>.stack</name>
         <uninitialized>true</uninitialized>
         <run_address>0x2000fe00</run_address>
         <size>0x0</size>
         <input_file_ref idref="fl-132"/>
      </object_component>
      <object_component id="oc-1f8">
         <name>.stack</name>
         <uninitialized>true</uninitialized>
         <run_address>0x2000fe00</run_address>
         <size>0x0</size>
      </object_component>
      <object_component id="oc-f4">
         <name>.data</name>
         <load_address>0x20000000</load_address>
         <run_address>0x20000000</run_address>
         <size>0x24</size>
         <input_file_ref idref="fl-2"/>
      </object_component>
      <object_component id="oc-12c">
         <name>.data</name>
         <load_address>0x2000002c</load_address>
         <run_address>0x2000002c</run_address>
         <size>0x8</size>
         <input_file_ref idref="fl-136"/>
      </object_component>
      <object_component id="oc-77">
         <name>.data</name>
         <load_address>0x20000034</load_address>
         <run_address>0x20000034</run_address>
         <size>0x4</size>
         <input_file_ref idref="fl-13a"/>
      </object_component>
      <object_component id="oc-129">
         <name>.data</name>
         <load_address>0x20000024</load_address>
         <run_address>0x20000024</run_address>
         <size>0x8</size>
         <input_file_ref idref="fl-13b"/>
      </object_component>
      <object_component id="oc-fd">
         <name>.debug_info</name>
         <load_address>0x0</load_address>
         <run_address>0x0</run_address>
         <size>0x844</size>
         <input_file_ref idref="fl-2"/>
      </object_component>
      <object_component id="oc-f5">
         <name>.debug_info</name>
         <load_address>0x844</load_address>
         <run_address>0x844</run_address>
         <size>0x137</size>
         <input_file_ref idref="fl-2"/>
      </object_component>
      <object_component id="oc-32">
         <name>.debug_info</name>
         <load_address>0x97b</load_address>
         <run_address>0x97b</run_address>
         <size>0x65f</size>
         <input_file_ref idref="fl-2"/>
      </object_component>
      <object_component id="oc-169">
         <name>.debug_info</name>
         <load_address>0xfda</load_address>
         <run_address>0xfda</run_address>
         <size>0x103e</size>
         <input_file_ref idref="fl-2"/>
      </object_component>
      <object_component id="oc-f8">
         <name>.debug_info</name>
         <load_address>0x2018</load_address>
         <run_address>0x2018</run_address>
         <size>0x8b</size>
         <input_file_ref idref="fl-2"/>
      </object_component>
      <object_component id="oc-ff">
         <name>.debug_info</name>
         <load_address>0x20a3</load_address>
         <run_address>0x20a3</run_address>
         <size>0x18b</size>
         <input_file_ref idref="fl-2"/>
      </object_component>
      <object_component id="oc-39">
         <name>.debug_info</name>
         <load_address>0x222e</load_address>
         <run_address>0x222e</run_address>
         <size>0x151</size>
         <input_file_ref idref="fl-3"/>
      </object_component>
      <object_component id="oc-11">
         <name>.debug_info</name>
         <load_address>0x237f</load_address>
         <run_address>0x237f</run_address>
         <size>0xee</size>
         <input_file_ref idref="fl-3"/>
      </object_component>
      <object_component id="oc-2c">
         <name>.debug_info</name>
         <load_address>0x246d</load_address>
         <run_address>0x246d</run_address>
         <size>0x282</size>
         <input_file_ref idref="fl-3"/>
      </object_component>
      <object_component id="oc-106">
         <name>.debug_info</name>
         <load_address>0x26ef</load_address>
         <run_address>0x26ef</run_address>
         <size>0x84</size>
         <input_file_ref idref="fl-3"/>
      </object_component>
      <object_component id="oc-13e">
         <name>.debug_info</name>
         <load_address>0x2773</load_address>
         <run_address>0x2773</run_address>
         <size>0x459</size>
         <input_file_ref idref="fl-9"/>
      </object_component>
      <object_component id="oc-89">
         <name>.debug_info</name>
         <load_address>0x2bcc</load_address>
         <run_address>0x2bcc</run_address>
         <size>0x175</size>
         <input_file_ref idref="fl-9"/>
      </object_component>
      <object_component id="oc-1ac">
         <name>.debug_info</name>
         <load_address>0x2d41</load_address>
         <run_address>0x2d41</run_address>
         <size>0x103c</size>
         <input_file_ref idref="fl-9"/>
      </object_component>
      <object_component id="oc-143">
         <name>.debug_info</name>
         <load_address>0x3d7d</load_address>
         <run_address>0x3d7d</run_address>
         <size>0x442</size>
         <input_file_ref idref="fl-a"/>
      </object_component>
      <object_component id="oc-140">
         <name>.debug_info</name>
         <load_address>0x41bf</load_address>
         <run_address>0x41bf</run_address>
         <size>0xd0</size>
         <input_file_ref idref="fl-a"/>
      </object_component>
      <object_component id="oc-ef">
         <name>.debug_info</name>
         <load_address>0x428f</load_address>
         <run_address>0x428f</run_address>
         <size>0x183</size>
         <input_file_ref idref="fl-a"/>
      </object_component>
      <object_component id="oc-8f">
         <name>.debug_info</name>
         <load_address>0x4412</load_address>
         <run_address>0x4412</run_address>
         <size>0x1ee</size>
         <input_file_ref idref="fl-a"/>
      </object_component>
      <object_component id="oc-95">
         <name>.debug_info</name>
         <load_address>0x4600</load_address>
         <run_address>0x4600</run_address>
         <size>0x17d</size>
         <input_file_ref idref="fl-a"/>
      </object_component>
      <object_component id="oc-9b">
         <name>.debug_info</name>
         <load_address>0x477d</load_address>
         <run_address>0x477d</run_address>
         <size>0x19f</size>
         <input_file_ref idref="fl-a"/>
      </object_component>
      <object_component id="oc-ad">
         <name>.debug_info</name>
         <load_address>0x491c</load_address>
         <run_address>0x491c</run_address>
         <size>0x1e1</size>
         <input_file_ref idref="fl-a"/>
      </object_component>
      <object_component id="oc-15a">
         <name>.debug_info</name>
         <load_address>0x4afd</load_address>
         <run_address>0x4afd</run_address>
         <size>0x189</size>
         <input_file_ref idref="fl-a"/>
      </object_component>
      <object_component id="oc-d1">
         <name>.debug_info</name>
         <load_address>0x4c86</load_address>
         <run_address>0x4c86</run_address>
         <size>0x1ae</size>
         <input_file_ref idref="fl-a"/>
      </object_component>
      <object_component id="oc-a7">
         <name>.debug_info</name>
         <load_address>0x4e34</load_address>
         <run_address>0x4e34</run_address>
         <size>0x17f</size>
         <input_file_ref idref="fl-a"/>
      </object_component>
      <object_component id="oc-d7">
         <name>.debug_info</name>
         <load_address>0x4fb3</load_address>
         <run_address>0x4fb3</run_address>
         <size>0x181</size>
         <input_file_ref idref="fl-a"/>
      </object_component>
      <object_component id="oc-a1">
         <name>.debug_info</name>
         <load_address>0x5134</load_address>
         <run_address>0x5134</run_address>
         <size>0x185</size>
         <input_file_ref idref="fl-a"/>
      </object_component>
      <object_component id="oc-14d">
         <name>.debug_info</name>
         <load_address>0x52b9</load_address>
         <run_address>0x52b9</run_address>
         <size>0x3cb</size>
         <input_file_ref idref="fl-b"/>
      </object_component>
      <object_component id="oc-14a">
         <name>.debug_info</name>
         <load_address>0x5684</load_address>
         <run_address>0x5684</run_address>
         <size>0x173</size>
         <input_file_ref idref="fl-b"/>
      </object_component>
      <object_component id="oc-cb">
         <name>.debug_info</name>
         <load_address>0x57f7</load_address>
         <run_address>0x57f7</run_address>
         <size>0x122</size>
         <input_file_ref idref="fl-b"/>
      </object_component>
      <object_component id="oc-b3">
         <name>.debug_info</name>
         <load_address>0x5919</load_address>
         <run_address>0x5919</run_address>
         <size>0x16b</size>
         <input_file_ref idref="fl-b"/>
      </object_component>
      <object_component id="oc-dd">
         <name>.debug_info</name>
         <load_address>0x5a84</load_address>
         <run_address>0x5a84</run_address>
         <size>0x123</size>
         <input_file_ref idref="fl-b"/>
      </object_component>
      <object_component id="oc-13c">
         <name>.debug_info</name>
         <load_address>0x5ba7</load_address>
         <run_address>0x5ba7</run_address>
         <size>0x4a8</size>
         <input_file_ref idref="fl-c"/>
      </object_component>
      <object_component id="oc-19f">
         <name>.debug_info</name>
         <load_address>0x604f</load_address>
         <run_address>0x604f</run_address>
         <size>0xf9</size>
         <input_file_ref idref="fl-c"/>
      </object_component>
      <object_component id="oc-193">
         <name>.debug_info</name>
         <load_address>0x6148</load_address>
         <run_address>0x6148</run_address>
         <size>0x13d</size>
         <input_file_ref idref="fl-c"/>
      </object_component>
      <object_component id="oc-1ce">
         <name>.debug_info</name>
         <load_address>0x6285</load_address>
         <run_address>0x6285</run_address>
         <size>0x28e</size>
         <input_file_ref idref="fl-c"/>
      </object_component>
      <object_component id="oc-1a5">
         <name>.debug_info</name>
         <load_address>0x6513</load_address>
         <run_address>0x6513</run_address>
         <size>0x147</size>
         <input_file_ref idref="fl-c"/>
      </object_component>
      <object_component id="oc-199">
         <name>.debug_info</name>
         <load_address>0x665a</load_address>
         <run_address>0x665a</run_address>
         <size>0x14b</size>
         <input_file_ref idref="fl-c"/>
      </object_component>
      <object_component id="oc-137">
         <name>.debug_info</name>
         <load_address>0x67a5</load_address>
         <run_address>0x67a5</run_address>
         <size>0x2e2</size>
         <input_file_ref idref="fl-c"/>
      </object_component>
      <object_component id="oc-84">
         <name>.debug_info</name>
         <load_address>0x6a87</load_address>
         <run_address>0x6a87</run_address>
         <size>0x168</size>
         <input_file_ref idref="fl-c"/>
      </object_component>
      <object_component id="oc-150">
         <name>.debug_info</name>
         <load_address>0x6bef</load_address>
         <run_address>0x6bef</run_address>
         <size>0x393</size>
         <input_file_ref idref="fl-e"/>
      </object_component>
      <object_component id="oc-bf">
         <name>.debug_info</name>
         <load_address>0x6f82</load_address>
         <run_address>0x6f82</run_address>
         <size>0x128</size>
         <input_file_ref idref="fl-e"/>
      </object_component>
      <object_component id="oc-b9">
         <name>.debug_info</name>
         <load_address>0x70aa</load_address>
         <run_address>0x70aa</run_address>
         <size>0x104</size>
         <input_file_ref idref="fl-e"/>
      </object_component>
      <object_component id="oc-c5">
         <name>.debug_info</name>
         <load_address>0x71ae</load_address>
         <run_address>0x71ae</run_address>
         <size>0x10a</size>
         <input_file_ref idref="fl-e"/>
      </object_component>
      <object_component id="oc-e3">
         <name>.debug_info</name>
         <load_address>0x72b8</load_address>
         <run_address>0x72b8</run_address>
         <size>0x106</size>
         <input_file_ref idref="fl-e"/>
      </object_component>
      <object_component id="oc-e9">
         <name>.debug_info</name>
         <load_address>0x73be</load_address>
         <run_address>0x73be</run_address>
         <size>0x10c</size>
         <input_file_ref idref="fl-e"/>
      </object_component>
      <object_component id="oc-7d">
         <name>.debug_info</name>
         <load_address>0x74ca</load_address>
         <run_address>0x74ca</run_address>
         <size>0x115</size>
         <input_file_ref idref="fl-f"/>
      </object_component>
      <object_component id="oc-153">
         <name>.debug_info</name>
         <load_address>0x75df</load_address>
         <run_address>0x75df</run_address>
         <size>0xe7</size>
         <input_file_ref idref="fl-10"/>
      </object_component>
      <object_component id="oc-28">
         <name>.debug_info</name>
         <load_address>0x76c6</load_address>
         <run_address>0x76c6</run_address>
         <size>0x134</size>
         <input_file_ref idref="fl-132"/>
      </object_component>
      <object_component id="oc-45">
         <name>.debug_info</name>
         <load_address>0x77fa</load_address>
         <run_address>0x77fa</run_address>
         <size>0x121</size>
         <input_file_ref idref="fl-133"/>
      </object_component>
      <object_component id="oc-17">
         <name>.debug_info</name>
         <load_address>0x791b</load_address>
         <run_address>0x791b</run_address>
         <size>0x1c0</size>
         <input_file_ref idref="fl-133"/>
      </object_component>
      <object_component id="oc-40">
         <name>.debug_info</name>
         <load_address>0x7adb</load_address>
         <run_address>0x7adb</run_address>
         <size>0x46</size>
         <input_file_ref idref="fl-133"/>
      </object_component>
      <object_component id="oc-10c">
         <name>.debug_info</name>
         <load_address>0x7b21</load_address>
         <run_address>0x7b21</run_address>
         <size>0x2c</size>
         <input_file_ref idref="fl-133"/>
      </object_component>
      <object_component id="oc-4d">
         <name>.debug_info</name>
         <load_address>0x7b4d</load_address>
         <run_address>0x7b4d</run_address>
         <size>0x115</size>
         <input_file_ref idref="fl-134"/>
      </object_component>
      <object_component id="oc-4a">
         <name>.debug_info</name>
         <load_address>0x7c62</load_address>
         <run_address>0x7c62</run_address>
         <size>0x228</size>
         <input_file_ref idref="fl-134"/>
      </object_component>
      <object_component id="oc-1d">
         <name>.debug_info</name>
         <load_address>0x7e8a</load_address>
         <run_address>0x7e8a</run_address>
         <size>0x192</size>
         <input_file_ref idref="fl-134"/>
      </object_component>
      <object_component id="oc-4e">
         <name>.debug_info</name>
         <load_address>0x801c</load_address>
         <run_address>0x801c</run_address>
         <size>0x39</size>
         <input_file_ref idref="fl-134"/>
      </object_component>
      <object_component id="oc-116">
         <name>.debug_info</name>
         <load_address>0x8055</load_address>
         <run_address>0x8055</run_address>
         <size>0x2c</size>
         <input_file_ref idref="fl-134"/>
      </object_component>
      <object_component id="oc-130">
         <name>.debug_info</name>
         <load_address>0x8081</load_address>
         <run_address>0x8081</run_address>
         <size>0x172</size>
         <input_file_ref idref="fl-136"/>
      </object_component>
      <object_component id="oc-12d">
         <name>.debug_info</name>
         <load_address>0x81f3</load_address>
         <run_address>0x81f3</run_address>
         <size>0x117</size>
         <input_file_ref idref="fl-136"/>
      </object_component>
      <object_component id="oc-74">
         <name>.debug_info</name>
         <load_address>0x830a</load_address>
         <run_address>0x830a</run_address>
         <size>0x1ee</size>
         <input_file_ref idref="fl-136"/>
      </object_component>
      <object_component id="oc-3c">
         <name>.debug_info</name>
         <load_address>0x84f8</load_address>
         <run_address>0x84f8</run_address>
         <size>0xf6</size>
         <input_file_ref idref="fl-137"/>
      </object_component>
      <object_component id="oc-54">
         <name>.debug_info</name>
         <load_address>0x85ee</load_address>
         <run_address>0x85ee</run_address>
         <size>0x124</size>
         <input_file_ref idref="fl-138"/>
      </object_component>
      <object_component id="oc-60">
         <name>.debug_info</name>
         <load_address>0x8712</load_address>
         <run_address>0x8712</run_address>
         <size>0x129</size>
         <input_file_ref idref="fl-139"/>
      </object_component>
      <object_component id="oc-78">
         <name>.debug_info</name>
         <load_address>0x883b</load_address>
         <run_address>0x883b</run_address>
         <size>0xea</size>
         <input_file_ref idref="fl-13a"/>
      </object_component>
      <object_component id="oc-18b">
         <name>.debug_info</name>
         <load_address>0x8925</load_address>
         <run_address>0x8925</run_address>
         <size>0x105</size>
         <input_file_ref idref="fl-13b"/>
      </object_component>
      <object_component id="oc-12a">
         <name>.debug_info</name>
         <load_address>0x8a2a</load_address>
         <run_address>0x8a2a</run_address>
         <size>0xf4</size>
         <input_file_ref idref="fl-13b"/>
      </object_component>
      <object_component id="oc-186">
         <name>.debug_info</name>
         <load_address>0x8b1e</load_address>
         <run_address>0x8b1e</run_address>
         <size>0x200</size>
         <input_file_ref idref="fl-13b"/>
      </object_component>
      <object_component id="oc-128">
         <name>.debug_info</name>
         <load_address>0x8d1e</load_address>
         <run_address>0x8d1e</run_address>
         <size>0x147</size>
         <input_file_ref idref="fl-13c"/>
      </object_component>
      <object_component id="oc-6c">
         <name>.debug_info</name>
         <load_address>0x8e65</load_address>
         <run_address>0x8e65</run_address>
         <size>0x148</size>
         <input_file_ref idref="fl-13c"/>
      </object_component>
      <object_component id="oc-17e">
         <name>.debug_info</name>
         <load_address>0x8fad</load_address>
         <run_address>0x8fad</run_address>
         <size>0x5e</size>
         <input_file_ref idref="fl-13c"/>
      </object_component>
      <object_component id="oc-126">
         <name>.debug_info</name>
         <load_address>0x900b</load_address>
         <run_address>0x900b</run_address>
         <size>0x29e</size>
         <input_file_ref idref="fl-13d"/>
      </object_component>
      <object_component id="oc-66">
         <name>.debug_info</name>
         <load_address>0x92a9</load_address>
         <run_address>0x92a9</run_address>
         <size>0x158</size>
         <input_file_ref idref="fl-13d"/>
      </object_component>
      <object_component id="oc-172">
         <name>.debug_info</name>
         <load_address>0x9401</load_address>
         <run_address>0x9401</run_address>
         <size>0x39</size>
         <input_file_ref idref="fl-13d"/>
      </object_component>
      <object_component id="oc-177">
         <name>.debug_info</name>
         <load_address>0x943a</load_address>
         <run_address>0x943a</run_address>
         <size>0xcd</size>
         <input_file_ref idref="fl-13d"/>
      </object_component>
      <object_component id="oc-16f">
         <name>.debug_info</name>
         <load_address>0x9507</load_address>
         <run_address>0x9507</run_address>
         <size>0x1c1</size>
         <input_file_ref idref="fl-13e"/>
      </object_component>
      <object_component id="oc-120">
         <name>.debug_info</name>
         <load_address>0x96c8</load_address>
         <run_address>0x96c8</run_address>
         <size>0x164</size>
         <input_file_ref idref="fl-13e"/>
      </object_component>
      <object_component id="oc-1c1">
         <name>.debug_info</name>
         <load_address>0x982c</load_address>
         <run_address>0x982c</run_address>
         <size>0x2c</size>
         <input_file_ref idref="fl-13e"/>
      </object_component>
      <object_component id="oc-1f9">
         <name>.debug_info</name>
         <load_address>0x9858</load_address>
         <run_address>0x9858</run_address>
         <size>0x9b</size>
      </object_component>
      <object_component id="oc-168">
         <name>.debug_line</name>
         <load_address>0x0</load_address>
         <run_address>0x0</run_address>
         <size>0x1ab</size>
         <input_file_ref idref="fl-2"/>
      </object_component>
      <object_component id="oc-166">
         <name>.debug_line</name>
         <load_address>0x1ab</load_address>
         <run_address>0x1ab</run_address>
         <size>0x3a</size>
         <input_file_ref idref="fl-2"/>
      </object_component>
      <object_component id="oc-35">
         <name>.debug_line</name>
         <load_address>0x1e5</load_address>
         <run_address>0x1e5</run_address>
         <size>0x172</size>
         <input_file_ref idref="fl-2"/>
      </object_component>
      <object_component id="oc-16c">
         <name>.debug_line</name>
         <load_address>0x357</load_address>
         <run_address>0x357</run_address>
         <size>0x55</size>
         <input_file_ref idref="fl-2"/>
      </object_component>
      <object_component id="oc-fb">
         <name>.debug_line</name>
         <load_address>0x3ac</load_address>
         <run_address>0x3ac</run_address>
         <size>0x20</size>
         <input_file_ref idref="fl-2"/>
      </object_component>
      <object_component id="oc-102">
         <name>.debug_line</name>
         <load_address>0x3cc</load_address>
         <run_address>0x3cc</run_address>
         <size>0x60</size>
         <input_file_ref idref="fl-2"/>
      </object_component>
      <object_component id="oc-105">
         <name>.debug_line</name>
         <load_address>0x42c</load_address>
         <run_address>0x42c</run_address>
         <size>0x46</size>
         <input_file_ref idref="fl-3"/>
      </object_component>
      <object_component id="oc-38">
         <name>.debug_line</name>
         <load_address>0x472</load_address>
         <run_address>0x472</run_address>
         <size>0x46</size>
         <input_file_ref idref="fl-3"/>
      </object_component>
      <object_component id="oc-2f">
         <name>.debug_line</name>
         <load_address>0x4b8</load_address>
         <run_address>0x4b8</run_address>
         <size>0xa6</size>
         <input_file_ref idref="fl-3"/>
      </object_component>
      <object_component id="oc-109">
         <name>.debug_line</name>
         <load_address>0x55e</load_address>
         <run_address>0x55e</run_address>
         <size>0x20</size>
         <input_file_ref idref="fl-3"/>
      </object_component>
      <object_component id="oc-1b2">
         <name>.debug_line</name>
         <load_address>0x57e</load_address>
         <run_address>0x57e</run_address>
         <size>0x3f</size>
         <input_file_ref idref="fl-9"/>
      </object_component>
      <object_component id="oc-8c">
         <name>.debug_line</name>
         <load_address>0x5bd</load_address>
         <run_address>0x5bd</run_address>
         <size>0x4a</size>
         <input_file_ref idref="fl-9"/>
      </object_component>
      <object_component id="oc-1af">
         <name>.debug_line</name>
         <load_address>0x607</load_address>
         <run_address>0x607</run_address>
         <size>0x61</size>
         <input_file_ref idref="fl-9"/>
      </object_component>
      <object_component id="oc-1b6">
         <name>.debug_line</name>
         <load_address>0x668</load_address>
         <run_address>0x668</run_address>
         <size>0x31</size>
         <input_file_ref idref="fl-a"/>
      </object_component>
      <object_component id="oc-1b4">
         <name>.debug_line</name>
         <load_address>0x699</load_address>
         <run_address>0x699</run_address>
         <size>0x2a</size>
         <input_file_ref idref="fl-a"/>
      </object_component>
      <object_component id="oc-f2">
         <name>.debug_line</name>
         <load_address>0x6c3</load_address>
         <run_address>0x6c3</run_address>
         <size>0x3f</size>
         <input_file_ref idref="fl-a"/>
      </object_component>
      <object_component id="oc-92">
         <name>.debug_line</name>
         <load_address>0x702</load_address>
         <run_address>0x702</run_address>
         <size>0x50</size>
         <input_file_ref idref="fl-a"/>
      </object_component>
      <object_component id="oc-98">
         <name>.debug_line</name>
         <load_address>0x752</load_address>
         <run_address>0x752</run_address>
         <size>0x41</size>
         <input_file_ref idref="fl-a"/>
      </object_component>
      <object_component id="oc-9e">
         <name>.debug_line</name>
         <load_address>0x793</load_address>
         <run_address>0x793</run_address>
         <size>0x43</size>
         <input_file_ref idref="fl-a"/>
      </object_component>
      <object_component id="oc-b0">
         <name>.debug_line</name>
         <load_address>0x7d6</load_address>
         <run_address>0x7d6</run_address>
         <size>0x46</size>
         <input_file_ref idref="fl-a"/>
      </object_component>
      <object_component id="oc-15d">
         <name>.debug_line</name>
         <load_address>0x81c</load_address>
         <run_address>0x81c</run_address>
         <size>0x3f</size>
         <input_file_ref idref="fl-a"/>
      </object_component>
      <object_component id="oc-d4">
         <name>.debug_line</name>
         <load_address>0x85b</load_address>
         <run_address>0x85b</run_address>
         <size>0x4c</size>
         <input_file_ref idref="fl-a"/>
      </object_component>
      <object_component id="oc-aa">
         <name>.debug_line</name>
         <load_address>0x8a7</load_address>
         <run_address>0x8a7</run_address>
         <size>0x3f</size>
         <input_file_ref idref="fl-a"/>
      </object_component>
      <object_component id="oc-da">
         <name>.debug_line</name>
         <load_address>0x8e6</load_address>
         <run_address>0x8e6</run_address>
         <size>0x3f</size>
         <input_file_ref idref="fl-a"/>
      </object_component>
      <object_component id="oc-a4">
         <name>.debug_line</name>
         <load_address>0x925</load_address>
         <run_address>0x925</run_address>
         <size>0x3f</size>
         <input_file_ref idref="fl-a"/>
      </object_component>
      <object_component id="oc-1ba">
         <name>.debug_line</name>
         <load_address>0x964</load_address>
         <run_address>0x964</run_address>
         <size>0x2b</size>
         <input_file_ref idref="fl-b"/>
      </object_component>
      <object_component id="oc-1b8">
         <name>.debug_line</name>
         <load_address>0x98f</load_address>
         <run_address>0x98f</run_address>
         <size>0x2f</size>
         <input_file_ref idref="fl-b"/>
      </object_component>
      <object_component id="oc-ce">
         <name>.debug_line</name>
         <load_address>0x9be</load_address>
         <run_address>0x9be</run_address>
         <size>0x44</size>
         <input_file_ref idref="fl-b"/>
      </object_component>
      <object_component id="oc-b6">
         <name>.debug_line</name>
         <load_address>0xa02</load_address>
         <run_address>0xa02</run_address>
         <size>0x6d</size>
         <input_file_ref idref="fl-b"/>
      </object_component>
      <object_component id="oc-e0">
         <name>.debug_line</name>
         <load_address>0xa6f</load_address>
         <run_address>0xa6f</run_address>
         <size>0x44</size>
         <input_file_ref idref="fl-b"/>
      </object_component>
      <object_component id="oc-1ab">
         <name>.debug_line</name>
         <load_address>0xab3</load_address>
         <run_address>0xab3</run_address>
         <size>0x3c</size>
         <input_file_ref idref="fl-c"/>
      </object_component>
      <object_component id="oc-1a2">
         <name>.debug_line</name>
         <load_address>0xaef</load_address>
         <run_address>0xaef</run_address>
         <size>0x3e</size>
         <input_file_ref idref="fl-c"/>
      </object_component>
      <object_component id="oc-196">
         <name>.debug_line</name>
         <load_address>0xb2d</load_address>
         <run_address>0xb2d</run_address>
         <size>0x4a</size>
         <input_file_ref idref="fl-c"/>
      </object_component>
      <object_component id="oc-1d1">
         <name>.debug_line</name>
         <load_address>0xb77</load_address>
         <run_address>0xb77</run_address>
         <size>0xac</size>
         <input_file_ref idref="fl-c"/>
      </object_component>
      <object_component id="oc-1a8">
         <name>.debug_line</name>
         <load_address>0xc23</load_address>
         <run_address>0xc23</run_address>
         <size>0x3b</size>
         <input_file_ref idref="fl-c"/>
      </object_component>
      <object_component id="oc-19c">
         <name>.debug_line</name>
         <load_address>0xc5e</load_address>
         <run_address>0xc5e</run_address>
         <size>0x4e</size>
         <input_file_ref idref="fl-c"/>
      </object_component>
      <object_component id="oc-13a">
         <name>.debug_line</name>
         <load_address>0xcac</load_address>
         <run_address>0xcac</run_address>
         <size>0x6e</size>
         <input_file_ref idref="fl-c"/>
      </object_component>
      <object_component id="oc-87">
         <name>.debug_line</name>
         <load_address>0xd1a</load_address>
         <run_address>0xd1a</run_address>
         <size>0x3b</size>
         <input_file_ref idref="fl-c"/>
      </object_component>
      <object_component id="oc-1bc">
         <name>.debug_line</name>
         <load_address>0xd55</load_address>
         <run_address>0xd55</run_address>
         <size>0x31</size>
         <input_file_ref idref="fl-e"/>
      </object_component>
      <object_component id="oc-c2">
         <name>.debug_line</name>
         <load_address>0xd86</load_address>
         <run_address>0xd86</run_address>
         <size>0x3f</size>
         <input_file_ref idref="fl-e"/>
      </object_component>
      <object_component id="oc-bc">
         <name>.debug_line</name>
         <load_address>0xdc5</load_address>
         <run_address>0xdc5</run_address>
         <size>0x3f</size>
         <input_file_ref idref="fl-e"/>
      </object_component>
      <object_component id="oc-c8">
         <name>.debug_line</name>
         <load_address>0xe04</load_address>
         <run_address>0xe04</run_address>
         <size>0x3f</size>
         <input_file_ref idref="fl-e"/>
      </object_component>
      <object_component id="oc-e6">
         <name>.debug_line</name>
         <load_address>0xe43</load_address>
         <run_address>0xe43</run_address>
         <size>0x3f</size>
         <input_file_ref idref="fl-e"/>
      </object_component>
      <object_component id="oc-ec">
         <name>.debug_line</name>
         <load_address>0xe82</load_address>
         <run_address>0xe82</run_address>
         <size>0x3f</size>
         <input_file_ref idref="fl-e"/>
      </object_component>
      <object_component id="oc-80">
         <name>.debug_line</name>
         <load_address>0xec1</load_address>
         <run_address>0xec1</run_address>
         <size>0x42</size>
         <input_file_ref idref="fl-f"/>
      </object_component>
      <object_component id="oc-156">
         <name>.debug_line</name>
         <load_address>0xf03</load_address>
         <run_address>0xf03</run_address>
         <size>0x3e</size>
         <input_file_ref idref="fl-10"/>
      </object_component>
      <object_component id="oc-27">
         <name>.debug_line</name>
         <load_address>0xf41</load_address>
         <run_address>0xf41</run_address>
         <size>0x52</size>
         <input_file_ref idref="fl-132"/>
      </object_component>
      <object_component id="oc-112">
         <name>.debug_line</name>
         <load_address>0xf93</load_address>
         <run_address>0xf93</run_address>
         <size>0x80</size>
         <input_file_ref idref="fl-133"/>
      </object_component>
      <object_component id="oc-15">
         <name>.debug_line</name>
         <load_address>0x1013</load_address>
         <run_address>0x1013</run_address>
         <size>0x55</size>
         <input_file_ref idref="fl-133"/>
      </object_component>
      <object_component id="oc-43">
         <name>.debug_line</name>
         <load_address>0x1068</load_address>
         <run_address>0x1068</run_address>
         <size>0x3a</size>
         <input_file_ref idref="fl-133"/>
      </object_component>
      <object_component id="oc-10f">
         <name>.debug_line</name>
         <load_address>0x10a2</load_address>
         <run_address>0x10a2</run_address>
         <size>0x80</size>
         <input_file_ref idref="fl-133"/>
      </object_component>
      <object_component id="oc-115">
         <name>.debug_line</name>
         <load_address>0x1122</load_address>
         <run_address>0x1122</run_address>
         <size>0x80</size>
         <input_file_ref idref="fl-134"/>
      </object_component>
      <object_component id="oc-47">
         <name>.debug_line</name>
         <load_address>0x11a2</load_address>
         <run_address>0x11a2</run_address>
         <size>0x98</size>
         <input_file_ref idref="fl-134"/>
      </object_component>
      <object_component id="oc-1c">
         <name>.debug_line</name>
         <load_address>0x123a</load_address>
         <run_address>0x123a</run_address>
         <size>0x4b</size>
         <input_file_ref idref="fl-134"/>
      </object_component>
      <object_component id="oc-51">
         <name>.debug_line</name>
         <load_address>0x1285</load_address>
         <run_address>0x1285</run_address>
         <size>0x39</size>
         <input_file_ref idref="fl-134"/>
      </object_component>
      <object_component id="oc-119">
         <name>.debug_line</name>
         <load_address>0x12be</load_address>
         <run_address>0x12be</run_address>
         <size>0x80</size>
         <input_file_ref idref="fl-134"/>
      </object_component>
      <object_component id="oc-190">
         <name>.debug_line</name>
         <load_address>0x133e</load_address>
         <run_address>0x133e</run_address>
         <size>0x7f</size>
         <input_file_ref idref="fl-136"/>
      </object_component>
      <object_component id="oc-18e">
         <name>.debug_line</name>
         <load_address>0x13bd</load_address>
         <run_address>0x13bd</run_address>
         <size>0x2a</size>
         <input_file_ref idref="fl-136"/>
      </object_component>
      <object_component id="oc-73">
         <name>.debug_line</name>
         <load_address>0x13e7</load_address>
         <run_address>0x13e7</run_address>
         <size>0x7a</size>
         <input_file_ref idref="fl-136"/>
      </object_component>
      <object_component id="oc-3b">
         <name>.debug_line</name>
         <load_address>0x1461</load_address>
         <run_address>0x1461</run_address>
         <size>0x88</size>
         <input_file_ref idref="fl-137"/>
      </object_component>
      <object_component id="oc-57">
         <name>.debug_line</name>
         <load_address>0x14e9</load_address>
         <run_address>0x14e9</run_address>
         <size>0x79</size>
         <input_file_ref idref="fl-138"/>
      </object_component>
      <object_component id="oc-63">
         <name>.debug_line</name>
         <load_address>0x1562</load_address>
         <run_address>0x1562</run_address>
         <size>0x40</size>
         <input_file_ref idref="fl-139"/>
      </object_component>
      <object_component id="oc-133">
         <name>.debug_line</name>
         <load_address>0x15a2</load_address>
         <run_address>0x15a2</run_address>
         <size>0x33</size>
         <input_file_ref idref="fl-13a"/>
      </object_component>
      <object_component id="oc-1c8">
         <name>.debug_line</name>
         <load_address>0x15d5</load_address>
         <run_address>0x15d5</run_address>
         <size>0x20</size>
         <input_file_ref idref="fl-13b"/>
      </object_component>
      <object_component id="oc-18a">
         <name>.debug_line</name>
         <load_address>0x15f5</load_address>
         <run_address>0x15f5</run_address>
         <size>0x2b</size>
         <input_file_ref idref="fl-13b"/>
      </object_component>
      <object_component id="oc-184">
         <name>.debug_line</name>
         <load_address>0x1620</load_address>
         <run_address>0x1620</run_address>
         <size>0x68</size>
         <input_file_ref idref="fl-13b"/>
      </object_component>
      <object_component id="oc-17d">
         <name>.debug_line</name>
         <load_address>0x1688</load_address>
         <run_address>0x1688</run_address>
         <size>0x2b</size>
         <input_file_ref idref="fl-13c"/>
      </object_component>
      <object_component id="oc-6f">
         <name>.debug_line</name>
         <load_address>0x16b3</load_address>
         <run_address>0x16b3</run_address>
         <size>0x50</size>
         <input_file_ref idref="fl-13c"/>
      </object_component>
      <object_component id="oc-181">
         <name>.debug_line</name>
         <load_address>0x1703</load_address>
         <run_address>0x1703</run_address>
         <size>0x2b</size>
         <input_file_ref idref="fl-13c"/>
      </object_component>
      <object_component id="oc-171">
         <name>.debug_line</name>
         <load_address>0x172e</load_address>
         <run_address>0x172e</run_address>
         <size>0x8f</size>
         <input_file_ref idref="fl-13d"/>
      </object_component>
      <object_component id="oc-69">
         <name>.debug_line</name>
         <load_address>0x17bd</load_address>
         <run_address>0x17bd</run_address>
         <size>0x79</size>
         <input_file_ref idref="fl-13d"/>
      </object_component>
      <object_component id="oc-175">
         <name>.debug_line</name>
         <load_address>0x1836</load_address>
         <run_address>0x1836</run_address>
         <size>0x2e</size>
         <input_file_ref idref="fl-13d"/>
      </object_component>
      <object_component id="oc-17a">
         <name>.debug_line</name>
         <load_address>0x1864</load_address>
         <run_address>0x1864</run_address>
         <size>0x81</size>
         <input_file_ref idref="fl-13d"/>
      </object_component>
      <object_component id="oc-1c0">
         <name>.debug_line</name>
         <load_address>0x18e5</load_address>
         <run_address>0x18e5</run_address>
         <size>0x8e</size>
         <input_file_ref idref="fl-13e"/>
      </object_component>
      <object_component id="oc-123">
         <name>.debug_line</name>
         <load_address>0x1973</load_address>
         <run_address>0x1973</run_address>
         <size>0x68</size>
         <input_file_ref idref="fl-13e"/>
      </object_component>
      <object_component id="oc-1c4">
         <name>.debug_line</name>
         <load_address>0x19db</load_address>
         <run_address>0x19db</run_address>
         <size>0x2e</size>
         <input_file_ref idref="fl-13e"/>
      </object_component>
      <object_component id="oc-36">
         <name>.debug_frame</name>
         <load_address>0x0</load_address>
         <run_address>0x0</run_address>
         <size>0xd3</size>
         <input_file_ref idref="fl-2"/>
      </object_component>
      <object_component id="oc-30">
         <name>.debug_frame</name>
         <load_address>0xd3</load_address>
         <run_address>0xd3</run_address>
         <size>0xb2</size>
         <input_file_ref idref="fl-3"/>
      </object_component>
      <object_component id="oc-8d">
         <name>.debug_frame</name>
         <load_address>0x185</load_address>
         <run_address>0x185</run_address>
         <size>0x83</size>
         <input_file_ref idref="fl-9"/>
      </object_component>
      <object_component id="oc-f3">
         <name>.debug_frame</name>
         <load_address>0x208</load_address>
         <run_address>0x208</run_address>
         <size>0x7f</size>
         <input_file_ref idref="fl-a"/>
      </object_component>
      <object_component id="oc-93">
         <name>.debug_frame</name>
         <load_address>0x287</load_address>
         <run_address>0x287</run_address>
         <size>0x7f</size>
         <input_file_ref idref="fl-a"/>
      </object_component>
      <object_component id="oc-99">
         <name>.debug_frame</name>
         <load_address>0x306</load_address>
         <run_address>0x306</run_address>
         <size>0x7f</size>
         <input_file_ref idref="fl-a"/>
      </object_component>
      <object_component id="oc-9f">
         <name>.debug_frame</name>
         <load_address>0x385</load_address>
         <run_address>0x385</run_address>
         <size>0x7f</size>
         <input_file_ref idref="fl-a"/>
      </object_component>
      <object_component id="oc-b1">
         <name>.debug_frame</name>
         <load_address>0x404</load_address>
         <run_address>0x404</run_address>
         <size>0x7f</size>
         <input_file_ref idref="fl-a"/>
      </object_component>
      <object_component id="oc-15e">
         <name>.debug_frame</name>
         <load_address>0x483</load_address>
         <run_address>0x483</run_address>
         <size>0x7f</size>
         <input_file_ref idref="fl-a"/>
      </object_component>
      <object_component id="oc-d5">
         <name>.debug_frame</name>
         <load_address>0x502</load_address>
         <run_address>0x502</run_address>
         <size>0x86</size>
         <input_file_ref idref="fl-a"/>
      </object_component>
      <object_component id="oc-ab">
         <name>.debug_frame</name>
         <load_address>0x588</load_address>
         <run_address>0x588</run_address>
         <size>0x7f</size>
         <input_file_ref idref="fl-a"/>
      </object_component>
      <object_component id="oc-db">
         <name>.debug_frame</name>
         <load_address>0x607</load_address>
         <run_address>0x607</run_address>
         <size>0x7f</size>
         <input_file_ref idref="fl-a"/>
      </object_component>
      <object_component id="oc-a5">
         <name>.debug_frame</name>
         <load_address>0x686</load_address>
         <run_address>0x686</run_address>
         <size>0x7f</size>
         <input_file_ref idref="fl-a"/>
      </object_component>
      <object_component id="oc-cf">
         <name>.debug_frame</name>
         <load_address>0x705</load_address>
         <run_address>0x705</run_address>
         <size>0x86</size>
         <input_file_ref idref="fl-b"/>
      </object_component>
      <object_component id="oc-b7">
         <name>.debug_frame</name>
         <load_address>0x78b</load_address>
         <run_address>0x78b</run_address>
         <size>0x83</size>
         <input_file_ref idref="fl-b"/>
      </object_component>
      <object_component id="oc-e1">
         <name>.debug_frame</name>
         <load_address>0x80e</load_address>
         <run_address>0x80e</run_address>
         <size>0x7f</size>
         <input_file_ref idref="fl-b"/>
      </object_component>
      <object_component id="oc-19e">
         <name>.debug_frame</name>
         <load_address>0x88d</load_address>
         <run_address>0x88d</run_address>
         <size>0x7f</size>
         <input_file_ref idref="fl-c"/>
      </object_component>
      <object_component id="oc-192">
         <name>.debug_frame</name>
         <load_address>0x90c</load_address>
         <run_address>0x90c</run_address>
         <size>0x8a</size>
         <input_file_ref idref="fl-c"/>
      </object_component>
      <object_component id="oc-1cd">
         <name>.debug_frame</name>
         <load_address>0x996</load_address>
         <run_address>0x996</run_address>
         <size>0x9b</size>
         <input_file_ref idref="fl-c"/>
      </object_component>
      <object_component id="oc-1a4">
         <name>.debug_frame</name>
         <load_address>0xa31</load_address>
         <run_address>0xa31</run_address>
         <size>0x7f</size>
         <input_file_ref idref="fl-c"/>
      </object_component>
      <object_component id="oc-198">
         <name>.debug_frame</name>
         <load_address>0xab0</load_address>
         <run_address>0xab0</run_address>
         <size>0x8a</size>
         <input_file_ref idref="fl-c"/>
      </object_component>
      <object_component id="oc-136">
         <name>.debug_frame</name>
         <load_address>0xb3a</load_address>
         <run_address>0xb3a</run_address>
         <size>0x9c</size>
         <input_file_ref idref="fl-c"/>
      </object_component>
      <object_component id="oc-83">
         <name>.debug_frame</name>
         <load_address>0xbd6</load_address>
         <run_address>0xbd6</run_address>
         <size>0x7f</size>
         <input_file_ref idref="fl-c"/>
      </object_component>
      <object_component id="oc-c3">
         <name>.debug_frame</name>
         <load_address>0xc55</load_address>
         <run_address>0xc55</run_address>
         <size>0x7f</size>
         <input_file_ref idref="fl-e"/>
      </object_component>
      <object_component id="oc-bd">
         <name>.debug_frame</name>
         <load_address>0xcd4</load_address>
         <run_address>0xcd4</run_address>
         <size>0x7f</size>
         <input_file_ref idref="fl-e"/>
      </object_component>
      <object_component id="oc-c9">
         <name>.debug_frame</name>
         <load_address>0xd53</load_address>
         <run_address>0xd53</run_address>
         <size>0x7f</size>
         <input_file_ref idref="fl-e"/>
      </object_component>
      <object_component id="oc-e7">
         <name>.debug_frame</name>
         <load_address>0xdd2</load_address>
         <run_address>0xdd2</run_address>
         <size>0x7f</size>
         <input_file_ref idref="fl-e"/>
      </object_component>
      <object_component id="oc-ed">
         <name>.debug_frame</name>
         <load_address>0xe51</load_address>
         <run_address>0xe51</run_address>
         <size>0x7f</size>
         <input_file_ref idref="fl-e"/>
      </object_component>
      <object_component id="oc-81">
         <name>.debug_frame</name>
         <load_address>0xed0</load_address>
         <run_address>0xed0</run_address>
         <size>0x7f</size>
         <input_file_ref idref="fl-f"/>
      </object_component>
      <object_component id="oc-157">
         <name>.debug_frame</name>
         <load_address>0xf4f</load_address>
         <run_address>0xf4f</run_address>
         <size>0x7f</size>
         <input_file_ref idref="fl-10"/>
      </object_component>
      <object_component id="oc-16">
         <name>.debug_frame</name>
         <load_address>0xfce</load_address>
         <run_address>0xfce</run_address>
         <size>0x7f</size>
         <input_file_ref idref="fl-133"/>
      </object_component>
      <object_component id="oc-49">
         <name>.debug_frame</name>
         <load_address>0x104d</load_address>
         <run_address>0x104d</run_address>
         <size>0x8e</size>
         <input_file_ref idref="fl-134"/>
      </object_component>
      <object_component id="oc-1a">
         <name>.debug_frame</name>
         <load_address>0x10db</load_address>
         <run_address>0x10db</run_address>
         <size>0x7f</size>
         <input_file_ref idref="fl-134"/>
      </object_component>
      <object_component id="oc-72">
         <name>.debug_frame</name>
         <load_address>0x115a</load_address>
         <run_address>0x115a</run_address>
         <size>0xb3</size>
         <input_file_ref idref="fl-136"/>
      </object_component>
      <object_component id="oc-64">
         <name>.debug_frame</name>
         <load_address>0x120d</load_address>
         <run_address>0x120d</run_address>
         <size>0x7f</size>
         <input_file_ref idref="fl-139"/>
      </object_component>
      <object_component id="oc-185">
         <name>.debug_frame</name>
         <load_address>0x128c</load_address>
         <run_address>0x128c</run_address>
         <size>0xa1</size>
         <input_file_ref idref="fl-13b"/>
      </object_component>
      <object_component id="oc-70">
         <name>.debug_frame</name>
         <load_address>0x132d</load_address>
         <run_address>0x132d</run_address>
         <size>0x7f</size>
         <input_file_ref idref="fl-13c"/>
      </object_component>
      <object_component id="oc-6a">
         <name>.debug_frame</name>
         <load_address>0x13ac</load_address>
         <run_address>0x13ac</run_address>
         <size>0x8a</size>
         <input_file_ref idref="fl-13d"/>
      </object_component>
      <object_component id="oc-124">
         <name>.debug_frame</name>
         <load_address>0x1436</load_address>
         <run_address>0x1436</run_address>
         <size>0x8e</size>
         <input_file_ref idref="fl-13e"/>
      </object_component>
      <object_component id="oc-167">
         <name>.debug_abbrev</name>
         <load_address>0x0</load_address>
         <run_address>0x0</run_address>
         <size>0x126</size>
         <input_file_ref idref="fl-2"/>
      </object_component>
      <object_component id="oc-165">
         <name>.debug_abbrev</name>
         <load_address>0x126</load_address>
         <run_address>0x126</run_address>
         <size>0x29</size>
         <input_file_ref idref="fl-2"/>
      </object_component>
      <object_component id="oc-f7">
         <name>.debug_abbrev</name>
         <load_address>0x14f</load_address>
         <run_address>0x14f</run_address>
         <size>0xa9</size>
         <input_file_ref idref="fl-2"/>
      </object_component>
      <object_component id="oc-16b">
         <name>.debug_abbrev</name>
         <load_address>0x1f8</load_address>
         <run_address>0x1f8</run_address>
         <size>0x97</size>
         <input_file_ref idref="fl-2"/>
      </object_component>
      <object_component id="oc-fa">
         <name>.debug_abbrev</name>
         <load_address>0x28f</load_address>
         <run_address>0x28f</run_address>
         <size>0x1f</size>
         <input_file_ref idref="fl-2"/>
      </object_component>
      <object_component id="oc-101">
         <name>.debug_abbrev</name>
         <load_address>0x2ae</load_address>
         <run_address>0x2ae</run_address>
         <size>0x35</size>
         <input_file_ref idref="fl-2"/>
      </object_component>
      <object_component id="oc-104">
         <name>.debug_abbrev</name>
         <load_address>0x2e3</load_address>
         <run_address>0x2e3</run_address>
         <size>0x71</size>
         <input_file_ref idref="fl-3"/>
      </object_component>
      <object_component id="oc-37">
         <name>.debug_abbrev</name>
         <load_address>0x354</load_address>
         <run_address>0x354</run_address>
         <size>0x29</size>
         <input_file_ref idref="fl-3"/>
      </object_component>
      <object_component id="oc-7b">
         <name>.debug_abbrev</name>
         <load_address>0x37d</load_address>
         <run_address>0x37d</run_address>
         <size>0x77</size>
         <input_file_ref idref="fl-3"/>
      </object_component>
      <object_component id="oc-108">
         <name>.debug_abbrev</name>
         <load_address>0x3f4</load_address>
         <run_address>0x3f4</run_address>
         <size>0x1f</size>
         <input_file_ref idref="fl-3"/>
      </object_component>
      <object_component id="oc-1b1">
         <name>.debug_abbrev</name>
         <load_address>0x413</load_address>
         <run_address>0x413</run_address>
         <size>0xcd</size>
         <input_file_ref idref="fl-9"/>
      </object_component>
      <object_component id="oc-13d">
         <name>.debug_abbrev</name>
         <load_address>0x4e0</load_address>
         <run_address>0x4e0</run_address>
         <size>0x6c</size>
         <input_file_ref idref="fl-9"/>
      </object_component>
      <object_component id="oc-1ae">
         <name>.debug_abbrev</name>
         <load_address>0x54c</load_address>
         <run_address>0x54c</run_address>
         <size>0xb5</size>
         <input_file_ref idref="fl-9"/>
      </object_component>
      <object_component id="oc-1b5">
         <name>.debug_abbrev</name>
         <load_address>0x601</load_address>
         <run_address>0x601</run_address>
         <size>0xb7</size>
         <input_file_ref idref="fl-a"/>
      </object_component>
      <object_component id="oc-1b3">
         <name>.debug_abbrev</name>
         <load_address>0x6b8</load_address>
         <run_address>0x6b8</run_address>
         <size>0x27</size>
         <input_file_ref idref="fl-a"/>
      </object_component>
      <object_component id="oc-164">
         <name>.debug_abbrev</name>
         <load_address>0x6df</load_address>
         <run_address>0x6df</run_address>
         <size>0x6c</size>
         <input_file_ref idref="fl-a"/>
      </object_component>
      <object_component id="oc-142">
         <name>.debug_abbrev</name>
         <load_address>0x74b</load_address>
         <run_address>0x74b</run_address>
         <size>0x6c</size>
         <input_file_ref idref="fl-a"/>
      </object_component>
      <object_component id="oc-144">
         <name>.debug_abbrev</name>
         <load_address>0x7b7</load_address>
         <run_address>0x7b7</run_address>
         <size>0x6c</size>
         <input_file_ref idref="fl-a"/>
      </object_component>
      <object_component id="oc-145">
         <name>.debug_abbrev</name>
         <load_address>0x823</load_address>
         <run_address>0x823</run_address>
         <size>0x6c</size>
         <input_file_ref idref="fl-a"/>
      </object_component>
      <object_component id="oc-148">
         <name>.debug_abbrev</name>
         <load_address>0x88f</load_address>
         <run_address>0x88f</run_address>
         <size>0x6c</size>
         <input_file_ref idref="fl-a"/>
      </object_component>
      <object_component id="oc-1be">
         <name>.debug_abbrev</name>
         <load_address>0x8fb</load_address>
         <run_address>0x8fb</run_address>
         <size>0x6e</size>
         <input_file_ref idref="fl-a"/>
      </object_component>
      <object_component id="oc-15f">
         <name>.debug_abbrev</name>
         <load_address>0x969</load_address>
         <run_address>0x969</run_address>
         <size>0x7c</size>
         <input_file_ref idref="fl-a"/>
      </object_component>
      <object_component id="oc-147">
         <name>.debug_abbrev</name>
         <load_address>0x9e5</load_address>
         <run_address>0x9e5</run_address>
         <size>0x6c</size>
         <input_file_ref idref="fl-a"/>
      </object_component>
      <object_component id="oc-160">
         <name>.debug_abbrev</name>
         <load_address>0xa51</load_address>
         <run_address>0xa51</run_address>
         <size>0x6c</size>
         <input_file_ref idref="fl-a"/>
      </object_component>
      <object_component id="oc-146">
         <name>.debug_abbrev</name>
         <load_address>0xabd</load_address>
         <run_address>0xabd</run_address>
         <size>0x6c</size>
         <input_file_ref idref="fl-a"/>
      </object_component>
      <object_component id="oc-1b9">
         <name>.debug_abbrev</name>
         <load_address>0xb29</load_address>
         <run_address>0xb29</run_address>
         <size>0xb0</size>
         <input_file_ref idref="fl-b"/>
      </object_component>
      <object_component id="oc-1b7">
         <name>.debug_abbrev</name>
         <load_address>0xbd9</load_address>
         <run_address>0xbd9</run_address>
         <size>0x27</size>
         <input_file_ref idref="fl-b"/>
      </object_component>
      <object_component id="oc-158">
         <name>.debug_abbrev</name>
         <load_address>0xc00</load_address>
         <run_address>0xc00</run_address>
         <size>0x60</size>
         <input_file_ref idref="fl-b"/>
      </object_component>
      <object_component id="oc-14c">
         <name>.debug_abbrev</name>
         <load_address>0xc60</load_address>
         <run_address>0xc60</run_address>
         <size>0x6c</size>
         <input_file_ref idref="fl-b"/>
      </object_component>
      <object_component id="oc-161">
         <name>.debug_abbrev</name>
         <load_address>0xccc</load_address>
         <run_address>0xccc</run_address>
         <size>0x50</size>
         <input_file_ref idref="fl-b"/>
      </object_component>
      <object_component id="oc-1aa">
         <name>.debug_abbrev</name>
         <load_address>0xd1c</load_address>
         <run_address>0xd1c</run_address>
         <size>0xe1</size>
         <input_file_ref idref="fl-c"/>
      </object_component>
      <object_component id="oc-1cb">
         <name>.debug_abbrev</name>
         <load_address>0xdfd</load_address>
         <run_address>0xdfd</run_address>
         <size>0x52</size>
         <input_file_ref idref="fl-c"/>
      </object_component>
      <object_component id="oc-1c9">
         <name>.debug_abbrev</name>
         <load_address>0xe4f</load_address>
         <run_address>0xe4f</run_address>
         <size>0x6e</size>
         <input_file_ref idref="fl-c"/>
      </object_component>
      <object_component id="oc-1d3">
         <name>.debug_abbrev</name>
         <load_address>0xebd</load_address>
         <run_address>0xebd</run_address>
         <size>0x7c</size>
         <input_file_ref idref="fl-c"/>
      </object_component>
      <object_component id="oc-1d2">
         <name>.debug_abbrev</name>
         <load_address>0xf39</load_address>
         <run_address>0xf39</run_address>
         <size>0x73</size>
         <input_file_ref idref="fl-c"/>
      </object_component>
      <object_component id="oc-1ca">
         <name>.debug_abbrev</name>
         <load_address>0xfac</load_address>
         <run_address>0xfac</run_address>
         <size>0x6e</size>
         <input_file_ref idref="fl-c"/>
      </object_component>
      <object_component id="oc-1a9">
         <name>.debug_abbrev</name>
         <load_address>0x101a</load_address>
         <run_address>0x101a</run_address>
         <size>0x7c</size>
         <input_file_ref idref="fl-c"/>
      </object_component>
      <object_component id="oc-13b">
         <name>.debug_abbrev</name>
         <load_address>0x1096</load_address>
         <run_address>0x1096</run_address>
         <size>0x73</size>
         <input_file_ref idref="fl-c"/>
      </object_component>
      <object_component id="oc-1bb">
         <name>.debug_abbrev</name>
         <load_address>0x1109</load_address>
         <run_address>0x1109</run_address>
         <size>0xa1</size>
         <input_file_ref idref="fl-e"/>
      </object_component>
      <object_component id="oc-14f">
         <name>.debug_abbrev</name>
         <load_address>0x11aa</load_address>
         <run_address>0x11aa</run_address>
         <size>0x6c</size>
         <input_file_ref idref="fl-e"/>
      </object_component>
      <object_component id="oc-14e">
         <name>.debug_abbrev</name>
         <load_address>0x1216</load_address>
         <run_address>0x1216</run_address>
         <size>0x50</size>
         <input_file_ref idref="fl-e"/>
      </object_component>
      <object_component id="oc-151">
         <name>.debug_abbrev</name>
         <load_address>0x1266</load_address>
         <run_address>0x1266</run_address>
         <size>0x50</size>
         <input_file_ref idref="fl-e"/>
      </object_component>
      <object_component id="oc-162">
         <name>.debug_abbrev</name>
         <load_address>0x12b6</load_address>
         <run_address>0x12b6</run_address>
         <size>0x50</size>
         <input_file_ref idref="fl-e"/>
      </object_component>
      <object_component id="oc-163">
         <name>.debug_abbrev</name>
         <load_address>0x1306</load_address>
         <run_address>0x1306</run_address>
         <size>0x50</size>
         <input_file_ref idref="fl-e"/>
      </object_component>
      <object_component id="oc-134">
         <name>.debug_abbrev</name>
         <load_address>0x1356</load_address>
         <run_address>0x1356</run_address>
         <size>0x5e</size>
         <input_file_ref idref="fl-f"/>
      </object_component>
      <object_component id="oc-1bd">
         <name>.debug_abbrev</name>
         <load_address>0x13b4</load_address>
         <run_address>0x13b4</run_address>
         <size>0x52</size>
         <input_file_ref idref="fl-10"/>
      </object_component>
      <object_component id="oc-7a">
         <name>.debug_abbrev</name>
         <load_address>0x1406</load_address>
         <run_address>0x1406</run_address>
         <size>0x3e</size>
         <input_file_ref idref="fl-132"/>
      </object_component>
      <object_component id="oc-111">
         <name>.debug_abbrev</name>
         <load_address>0x1444</load_address>
         <run_address>0x1444</run_address>
         <size>0x52</size>
         <input_file_ref idref="fl-133"/>
      </object_component>
      <object_component id="oc-3f">
         <name>.debug_abbrev</name>
         <load_address>0x1496</load_address>
         <run_address>0x1496</run_address>
         <size>0x74</size>
         <input_file_ref idref="fl-133"/>
      </object_component>
      <object_component id="oc-42">
         <name>.debug_abbrev</name>
[...]
            <object_component_ref idref="oc-9d"/>
            <object_component_ref idref="oc-af"/>
            <object_component_ref idref="oc-15c"/>
            <object_component_ref idref="oc-d3"/>
            <object_component_ref idref="oc-a9"/>
            <object_component_ref idref="oc-d9"/>
            <object_component_ref idref="oc-a3"/>
            <object_component_ref idref="oc-14b"/>
            <object_component_ref idref="oc-cd"/>
            <object_component_ref idref="oc-b5"/>
            <object_component_ref idref="oc-df"/>
            <object_component_ref idref="oc-1a1"/>
            <object_component_ref idref="oc-195"/>
            <object_component_ref idref="oc-1d0"/>
            <object_component_ref idref="oc-1a7"/>
            <object_component_ref idref="oc-19b"/>
            <object_component_ref idref="oc-139"/>
            <object_component_ref idref="oc-86"/>
            <object_component_ref idref="oc-c1"/>
            <object_component_ref idref="oc-bb"/>
            <object_component_ref idref="oc-c7"/>
            <object_component_ref idref="oc-e5"/>
            <object_component_ref idref="oc-eb"/>
            <object_component_ref idref="oc-7f"/>
            <object_component_ref idref="oc-155"/>
            <object_component_ref idref="oc-29"/>
            <object_component_ref idref="oc-18"/>
            <object_component_ref idref="oc-4b"/>
            <object_component_ref idref="oc-1e"/>
            <object_component_ref idref="oc-12e"/>
            <object_component_ref idref="oc-76"/>
            <object_component_ref idref="oc-3e"/>
            <object_component_ref idref="oc-56"/>
            <object_component_ref idref="oc-62"/>
            <object_component_ref idref="oc-79"/>
            <object_component_ref idref="oc-12b"/>
            <object_component_ref idref="oc-188"/>
            <object_component_ref idref="oc-6e"/>
            <object_component_ref idref="oc-68"/>
            <object_component_ref idref="oc-122"/>
         </contents>
      </logical_group>
      <logical_group id="lg-1f3" display="never" color="cyan">
         <name>.debug_pubtypes</name>
         <load_address>0x0</load_address>
         <run_address>0x0</run_address>
         <size>0x723</size>
         <contents>
            <object_component_ref idref="oc-16a"/>
            <object_component_ref idref="oc-f9"/>
            <object_component_ref idref="oc-100"/>
            <object_component_ref idref="oc-107"/>
            <object_component_ref idref="oc-1ad"/>
            <object_component_ref idref="oc-41"/>
            <object_component_ref idref="oc-10d"/>
            <object_component_ref idref="oc-4f"/>
            <object_component_ref idref="oc-117"/>
            <object_component_ref idref="oc-131"/>
            <object_component_ref idref="oc-18c"/>
            <object_component_ref idref="oc-17f"/>
            <object_component_ref idref="oc-173"/>
            <object_component_ref idref="oc-178"/>
            <object_component_ref idref="oc-1c2"/>
         </contents>
      </logical_group>
      <load_segment id="lg-1ff" display="no" color="cyan">
         <name>SEGMENT_0</name>
         <load_address>0x0</load_address>
         <run_address>0x0</run_address>
         <size>0xc84</size>
         <flags>0x5</flags>
         <contents>
            <logical_group_ref idref="lg-4"/>
            <logical_group_ref idref="lg-5"/>
            <logical_group_ref idref="lg-6"/>
            <logical_group_ref idref="lg-7"/>
         </contents>
      </load_segment>
      <load_segment id="lg-200" display="no" color="cyan">
         <name>SEGMENT_1</name>
         <run_address>0x20000000</run_address>
         <size>0x38</size>
         <flags>0x6</flags>
         <contents>
            <logical_group_ref idref="lg-b"/>
         </contents>
      </load_segment>
      <load_segment id="lg-201" display="no" color="cyan">
         <name>SEGMENT_2</name>
         <run_address>0x2000fe00</run_address>
         <size>0x200</size>
         <flags>0x6</flags>
         <contents>
            <logical_group_ref idref="lg-e"/>
         </contents>
      </load_segment>
   </logical_group_list>
   <placement_map>
      <memory_area display="yes" color="green">
         <name>FLASH</name>
         <page_id>0x0</page_id>
         <origin>0x0</origin>
         <length>0x40000</length>
         <used_space>0xc7e</used_space>
         <unused_space>0x3f382</unused_space>
         <attributes>RX</attributes>
         <usage_details>
            <allocated_space>
               <start_address>0x0</start_address>
               <size>0x144</size>
               <logical_group_ref idref="lg-4"/>
            </allocated_space>
            <allocated_space>
               <start_address>0x144</start_address>
               <size>0xa96</size>
               <logical_group_ref idref="lg-5"/>
            </allocated_space>
            <available_space>
               <start_address>0xbda</start_address>
               <size>0x2</size>
            </available_space>
            <allocated_space>
               <start_address>0xbdc</start_address>
               <size>0x70</size>
               <logical_group_ref idref="lg-6"/>
            </allocated_space>
            <available_space>
               <start_address>0xc4c</start_address>
               <size>0x4</size>
            </available_space>
            <allocated_space>
               <start_address>0xc50</start_address>
               <size>0x34</size>
               <logical_group_ref idref="lg-7"/>
            </allocated_space>
            <available_space>
               <start_address>0xc84</start_address>
               <size>0x3f37c</size>
            </available_space>
         </usage_details>
      </memory_area>
      <memory_area display="yes" color="green">
         <name>INFO_FLASH</name>
         <page_id>0x0</page_id>
         <origin>0x200000</origin>
         <length>0x4000</length>
         <used_space>0x0</used_space>
         <unused_space>0x4000</unused_space>
         <attributes>RX</attributes>
         <usage_details>
         </usage_details>
      </memory_area>
      <memory_area display="yes" color="green">
         <name>SRAM</name>
         <page_id>0x0</page_id>
         <origin>0x20000000</origin>
         <length>0x10000</length>
         <used_space>0x238</used_space>
         <unused_space>0xfdc8</unused_space>
         <attributes>RWX</attributes>
         <usage_details>
            <allocated_space>
               <start_address>0x20000000</start_address>
               <size>0x38</size>
               <logical_group_ref idref="lg-1d6"/>
            </allocated_space>
            <available_space>
               <start_address>0x20000038</start_address>
               <size>0xfdc8</size>
            </available_space>
            <allocated_space>
               <start_address>0x2000fe00</start_address>
               <size>0x200</size>
               <logical_group_ref idref="lg-e"/>
            </allocated_space>
         </usage_details>
      </memory_area>
   </placement_map>
   <cptbl_list>
      <cptbl>
         <name>__TI_cinit_table</name>
         <cprec>
            <name>.data</name>
            <load_address>0xc50</load_address>
            <load_size>0x24</load_size>
            <run_address>0x20000000</run_address>
            <run_size>0x38</run_size>
            <compression>rle</compression>
         </cprec>
      </cptbl>
   </cptbl_list>
   <handler_table>
      <handler_table_name>__TI_handler_table</handler_table_name>
      <handler>
         <index>0x0</index>
         <name>__TI_decompress_rle24</name>
      </handler>
      <handler>
         <index>0x1</index>
         <name>__TI_decompress_none</name>
      </handler>
   </handler_table>
   <symbol_table>
      <symbol id="sm-1">
         <name>__TI_CINIT_Base</name>
         <value>0xc7c</value>
      </symbol>
      <symbol id="sm-2">
         <name>__TI_CINIT_Limit</name>
         <value>0xc84</value>
      </symbol>
      <symbol id="sm-3">
         <name>__TI_Handler_Table_Base</name>
         <value>0xc74</value>
      </symbol>
      <symbol id="sm-4">
         <name>__TI_Handler_Table_Limit</name>
         <value>0xc7c</value>
      </symbol>
      <symbol id="sm-5">
         <name>binit</name>
         <value>0xffffffff</value>
      </symbol>
      <symbol id="sm-6">
         <name>__binit__</name>
         <value>0xffffffff</value>
      </symbol>
      <symbol id="sm-7">
         <name>__STACK_SIZE</name>
         <value>0x200</value>
      </symbol>
      <symbol id="sm-8">
         <name>__STACK_END</name>
         <value>0x20010000</value>
      </symbol>
      <symbol id="sm-9">
         <name>__c_args__</name>
         <value>0xffffffff</value>
      </symbol>
      <symbol id="sm-68">
         <name>Port1IsrHandler</name>
         <value>0x249</value>
         <object_component_ref idref="oc-31"/>
      </symbol>
      <symbol id="sm-69">
         <name>frequencyCycle</name>
         <value>0x2000000c</value>
         <object_component_ref idref="oc-f4"/>
      </symbol>
      <symbol id="sm-6a">
         <name>SysTickIsrHandler</name>
         <value>0x38d</value>
         <object_component_ref idref="oc-31"/>
      </symbol>
      <symbol id="sm-6b">
         <name>ChangeAllLED</name>
         <value>0x3ad</value>
         <object_component_ref idref="oc-31"/>
      </symbol>
      <symbol id="sm-6c">
         <name>main</name>
         <value>0x145</value>
         <object_component_ref idref="oc-31"/>
      </symbol>
      <symbol id="sm-6d">
         <name>blink</name>
         <value>0x20000004</value>
         <object_component_ref idref="oc-f4"/>
      </symbol>
      <symbol id="sm-6e">
         <name>buttonPushed</name>
         <value>0x20000000</value>
         <object_component_ref idref="oc-f4"/>
      </symbol>
      <symbol id="sm-6f">
         <name>jj</name>
         <value>0x20000008</value>
         <object_component_ref idref="oc-f4"/>
      </symbol>
      <symbol id="sm-91">
         <name>interruptVectors</name>
         <value>0x0</value>
         <object_component_ref idref="oc-10"/>
      </symbol>
      <symbol id="sm-a7">
         <name>FlashCtl_setWaitState</name>
         <value>0x9f5</value>
         <object_component_ref idref="oc-88"/>
      </symbol>
      <symbol id="sm-121">
         <name>GPIO_setAsInputPinWithPullUpResistor</name>
         <value>0x96d</value>
         <object_component_ref idref="oc-9a"/>
      </symbol>
      <symbol id="sm-122">
         <name>GPIO_getInterruptStatus</name>
         <value>0xb61</value>
         <object_component_ref idref="oc-159"/>
      </symbol>
      <symbol id="sm-123">
         <name>GPIO_enableInterrupt</name>
         <value>0xac1</value>
         <object_component_ref idref="oc-a6"/>
      </symbol>
      <symbol id="sm-124">
         <name>GPIO_getEnabledInterruptStatus</name>
         <value>0x93d</value>
         <object_component_ref idref="oc-d0"/>
      </symbol>
      <symbol id="sm-125">
         <name>GPIO_setAsOutputPin</name>
         <value>0xa1d</value>
         <object_component_ref idref="oc-94"/>
      </symbol>
      <symbol id="sm-126">
         <name>GPIO_interruptEdgeSelect</name>
         <value>0xa41</value>
         <object_component_ref idref="oc-ac"/>
      </symbol>
      <symbol id="sm-127">
         <name>GPIO_clearInterruptFlag</name>
         <value>0xa61</value>
         <object_component_ref idref="oc-a0"/>
      </symbol>
      <symbol id="sm-128">
         <name>GPIO_toggleOutputOnPin</name>
         <value>0xad5</value>
         <object_component_ref idref="oc-ee"/>
      </symbol>
      <symbol id="sm-129">
         <name>GPIO_setAsPeripheralModuleFunctionOutputPin</name>
         <value>0x861</value>
         <object_component_ref idref="oc-8e"/>
      </symbol>
      <symbol id="sm-12a">
         <name>GPIO_disableInterrupt</name>
         <value>0xa79</value>
         <object_component_ref idref="oc-d6"/>
      </symbol>
      <symbol id="sm-164">
         <name>Interrupt_enableMaster</name>
         <value>0xb71</value>
         <object_component_ref idref="oc-ca"/>
      </symbol>
      <symbol id="sm-165">
         <name>Interrupt_enableInterrupt</name>
         <value>0x7ad</value>
         <object_component_ref idref="oc-b2"/>
      </symbol>
      <symbol id="sm-166">
         <name>Interrupt_disableSleepOnIsrExit</name>
         <value>0xae9</value>
         <object_component_ref idref="oc-dc"/>
      </symbol>
      <symbol id="sm-1c8">
         <name>PCM_setCoreVoltageLevel</name>
         <value>0xbc5</value>
         <object_component_ref idref="oc-82"/>
      </symbol>
      <symbol id="sm-1c9">
         <name>PCM_getCoreVoltageLevel</name>
         <value>0x99d</value>
         <object_component_ref idref="oc-197"/>
      </symbol>
      <symbol id="sm-1ca">
         <name>PCM_setPowerModeWithTimeout</name>
         <value>0x441</value>
         <object_component_ref idref="oc-1cc"/>
      </symbol>
      <symbol id="sm-1cb">
         <name>PCM_getPowerMode</name>
         <value>0x9c9</value>
         <object_component_ref idref="oc-191"/>
      </symbol>
      <symbol id="sm-1cc">
         <name>PCM_getPowerState</name>
         <value>0xb81</value>
         <object_component_ref idref="oc-19d"/>
      </symbol>
      <symbol id="sm-1cd">
         <name>PCM_setCoreVoltageLevelWithTimeout</name>
         <value>0x515</value>
         <object_component_ref idref="oc-135"/>
      </symbol>
      <symbol id="sm-1ce">
         <name>PCM_setPowerMode</name>
         <value>0xbcb</value>
         <object_component_ref idref="oc-1a3"/>
      </symbol>
      <symbol id="sm-206">
         <name>SysTick_setPeriod</name>
         <value>0xbad</value>
         <object_component_ref idref="oc-be"/>
      </symbol>
      <symbol id="sm-207">
         <name>SysTick_disableModule</name>
         <value>0xb11</value>
         <object_component_ref idref="oc-e2"/>
      </symbol>
      <symbol id="sm-208">
         <name>SysTick_disableInterrupt</name>
         <value>0xafd</value>
         <object_component_ref idref="oc-e8"/>
      </symbol>
      <symbol id="sm-209">
         <name>SysTick_enableInterrupt</name>
         <value>0xb25</value>
         <object_component_ref idref="oc-c4"/>
      </symbol>
      <symbol id="sm-20a">
         <name>SysTick_enableModule</name>
         <value>0xb39</value>
         <object_component_ref idref="oc-b8"/>
      </symbol>
      <symbol id="sm-216">
         <name>WDT_A_holdTimer</name>
         <value>0xa91</value>
         <object_component_ref idref="oc-7c"/>
      </symbol>
      <symbol id="sm-220">
         <name>CPU_cpsie</name>
         <value>0xb9f</value>
         <object_component_ref idref="oc-152"/>
      </symbol>
      <symbol id="sm-232">
         <name>_c_int00</name>
         <value>0x811</value>
         <object_component_ref idref="oc-25"/>
      </symbol>
      <symbol id="sm-233">
         <name>__stack</name>
         <value>0x2000fe00</value>
         <object_component_ref idref="oc-2a"/>
      </symbol>
      <symbol id="sm-24a">
         <name>__TI_decompress_none</name>
         <value>0xb91</value>
         <object_component_ref idref="oc-13"/>
      </symbol>
      <symbol id="sm-272">
         <name>__TI_decompress_rle24</name>
         <value>0xbd1</value>
         <object_component_ref idref="oc-19"/>
      </symbol>
      <symbol id="sm-292">
         <name>C$$EXIT</name>
         <value>0x8f9</value>
         <object_component_ref idref="oc-71"/>
      </symbol>
      <symbol id="sm-293">
         <name>abort</name>
         <value>0x8fd</value>
         <object_component_ref idref="oc-71"/>
      </symbol>
      <symbol id="sm-294">
         <name>exit</name>
         <value>0x905</value>
         <object_component_ref idref="oc-71"/>
      </symbol>
      <symbol id="sm-295">
         <name>__TI_dtors_ptr</name>
         <value>0x20000030</value>
         <object_component_ref idref="oc-12c"/>
      </symbol>
      <symbol id="sm-296">
         <name>__TI_cleanup_ptr</name>
         <value>0x2000002c</value>
         <object_component_ref idref="oc-12c"/>
      </symbol>
      <symbol id="sm-2b1">
         <name>memcpy</name>
         <value>0x5bd</value>
         <object_component_ref idref="oc-3a"/>
      </symbol>
      <symbol id="sm-2b2">
         <name>__aeabi_memcpy</name>
         <value>0x5bd</value>
         <object_component_ref idref="oc-3a"/>
      </symbol>
      <symbol id="sm-2b3">
         <name>__aeabi_memcpy8</name>
         <value>0x5bd</value>
         <object_component_ref idref="oc-3a"/>
      </symbol>
      <symbol id="sm-2b4">
         <name>__aeabi_memcpy4</name>
         <value>0x5bd</value>
         <object_component_ref idref="oc-3a"/>
      </symbol>
      <symbol id="sm-2c3">
         <name>__aeabi_memset</name>
         <value>0x65b</value>
         <object_component_ref idref="oc-53"/>
      </symbol>
      <symbol id="sm-2c4">
         <name>memset</name>
         <value>0x661</value>
         <object_component_ref idref="oc-53"/>
      </symbol>
      <symbol id="sm-2c5">
         <name>__aeabi_memset8</name>
         <value>0x65b</value>
         <object_component_ref idref="oc-53"/>
      </symbol>
      <symbol id="sm-2c6">
         <name>__aeabi_memset4</name>
         <value>0x65b</value>
         <object_component_ref idref="oc-53"/>
      </symbol>
      <symbol id="sm-2c7">
         <name>__aeabi_memclr8</name>
         <value>0x659</value>
         <object_component_ref idref="oc-53"/>
      </symbol>
      <symbol id="sm-2c8">
         <name>__aeabi_memclr4</name>
         <value>0x659</value>
         <object_component_ref idref="oc-53"/>
      </symbol>
      <symbol id="sm-2c9">
         <name>__aeabi_memclr</name>
         <value>0x659</value>
         <object_component_ref idref="oc-53"/>
      </symbol>
      <symbol id="sm-2d3">
         <name>_system_pre_init</name>
         <value>0xbd7</value>
         <object_component_ref idref="oc-5f"/>
      </symbol>
      <symbol id="sm-2db">
         <name>main_func_sp</name>
         <value>0x20000034</value>
         <object_component_ref idref="oc-77"/>
      </symbol>
      <symbol id="sm-2f4">
         <name>_nop</name>
         <value>0xb5b</value>
         <object_component_ref idref="oc-183"/>
      </symbol>
      <symbol id="sm-2f5">
         <name>_lock</name>
         <value>0x20000024</value>
         <object_component_ref idref="oc-129"/>
      </symbol>
      <symbol id="sm-2f6">
         <name>_unlock</name>
         <value>0x20000028</value>
         <object_component_ref idref="oc-129"/>
      </symbol>
      <symbol id="sm-2f7">
         <name>_register_lock</name>
         <value>0xb53</value>
         <object_component_ref idref="oc-183"/>
      </symbol>
      <symbol id="sm-2f8">
         <name>_register_unlock</name>
         <value>0xb4d</value>
         <object_component_ref idref="oc-183"/>
      </symbol>
      <symbol id="sm-30d">
         <name>_args_main</name>
         <value>0xaa9</value>
         <object_component_ref idref="oc-6b"/>
      </symbol>
      <symbol id="sm-333">
         <name>__TI_auto_init</name>
         <value>0x6d5</value>
         <object_component_ref idref="oc-65"/>
      </symbol>
      <symbol id="sm-34d">
         <name>copy_in</name>
         <value>0x8ad</value>
         <object_component_ref idref="oc-11f"/>
      </symbol>
      <symbol id="sm-34e">
         <name>__TI_static_base__</name>
         <value>0x0</value>
      </symbol>
      <symbol id="sm-351">
         <name>SHT$$INIT_ARRAY$$Limit</name>
         <value>0x0</value>
      </symbol>
      <symbol id="sm-352">
         <name>SHT$$INIT_ARRAY$$Base</name>
         <value>0x0</value>
      </symbol>
   </symbol_table>
   <title>Link successful</title>
</link_info>
