******************************************************************************
                  TI ARM Linker PC v5.2.5                      
******************************************************************************
>> Linked Wed Mar 02 12:14:39 2016

OUTPUT FILE NAME:   <ADC_demo.out>
ENTRY POINT SYMBOL: "_c_int00"  address: 00000441


MEMORY CONFIGURATION

         name            origin    length      used     unused   attr    fill
----------------------  --------  ---------  --------  --------  ----  --------
  MAIN                  00000000   00040000  00000590  0003fa70  R  X
  INFO                  00200000   00004000  00000000  00004000  R  X
  SRAM_CODE             01000000   00010000  00000000  00010000  RW X
  SRAM_DATA             20000000   00010000  00000214  0000fdec  RW  


SEGMENT ALLOCATION MAP

run origin  load origin   length   init length attrs members
----------  ----------- ---------- ----------- ----- -------
00000000    00000000    00000590   00000590    r-x
  00000000    00000000    00000140   00000140    r-- .intvecs
  00000140    00000140    00000430   00000430    r-x .text
  00000570    00000570    00000020   00000020    r-- .cinit
20000000    20000000    00000014   00000000    rw-
  20000000    20000000    00000014   00000000    rw- .data
2000fe00    2000fe00    00000200   00000000    rw-
  2000fe00    2000fe00    00000200   00000000    rw- .stack


SECTION ALLOCATION MAP

 output                                  attributes/
section   page    origin      length       input sections
--------  ----  ----------  ----------   ----------------
.intvecs   0    00000000    00000140     
                  00000000    00000140     msp432_startup_ccs.obj (.intvecs:retain)

.text      0    00000140    00000430     
                  00000140    00000110     main.obj (.text)
                  00000250    0000009c     rtsv7M4_T_le_v4SPD16_eabi.lib : memcpy_t2.obj (.text)
                  000002ec    0000007a                                   : memset_t2.obj (.text)
                  00000366    00000002     --HOLE-- [fill = 0]
                  00000368    0000006c                                   : autoinit.obj (.text)
                  000003d4    0000006a                                   : copy_decompress_rle.obj (.text)
                  0000043e    00000002     --HOLE-- [fill = 0]
                  00000440    00000050                                   : boot.obj (.text)
                  00000490    0000004c                                   : cpy_tbl.obj (.text)
                  000004dc    00000044                                   : exit.obj (.text)
                  00000520    00000018                                   : args_main.obj (.text)
                  00000538    00000014                                   : _lock.obj (.text)
                  0000054c    0000000e                                   : copy_decompress_none.obj (.text:decompress:none)
                  0000055a    0000000c     msp432_startup_ccs.obj (.text)
                  00000566    00000006     rtsv7M4_T_le_v4SPD16_eabi.lib : copy_decompress_rle.obj (.text:decompress:rle24)
                  0000056c    00000004                                   : pre_init.obj (.text)

.cinit     0    00000570    00000020     
                  00000570    0000000f     (.cinit..data.load) [load image, compression = rle]
                  0000057f    00000001     --HOLE-- [fill = 0]
                  00000580    00000008     (__TI_handler_table)
                  00000588    00000008     (__TI_cinit_table)

.init_array 
*          0    00000000    00000000     UNINITIALIZED

.data      0    20000000    00000014     UNINITIALIZED
                  20000000    00000008     rtsv7M4_T_le_v4SPD16_eabi.lib : _lock.obj (.data)
                  20000008    00000008                                   : exit.obj (.data)
                  20000010    00000004                                   : stkdepth_vars.obj (.data)

.TI.persistent 
*          0    20000000    00000000     UNINITIALIZED

.stack     0    2000fe00    00000200     UNINITIALIZED
                  2000fe00    00000200     --HOLE--


LINKER GENERATED COPY TABLES

__TI_cinit_table @ 00000588 records: 1, size/record: 8, table size: 8
	.data: load addr=00000570, load size=0000000f bytes, run addr=20000000, run size=00000014 bytes, compression=rle


LINKER GENERATED HANDLER TABLE

__TI_handler_table @ 00000580 records: 2, size/record: 4, table size: 8
	index: 0, handler: __TI_decompress_rle24
	index: 1, handler: __TI_decompress_none


GLOBAL SYMBOLS: SORTED ALPHABETICALLY BY Name 

address   name                    
-------   ----                    
000001f5  ADC14IsrHandler         
000004dd  C$$EXIT                 
UNDEFED   SHT$$INIT_ARRAY$$Base   
UNDEFED   SHT$$INIT_ARRAY$$Limit  
4000480c  WDTCTL_SYM              
20010000  __STACK_END             
00000200  __STACK_SIZE            
00000588  __TI_CINIT_Base         
00000590  __TI_CINIT_Limit        
00000580  __TI_Handler_Table_Base 
00000588  __TI_Handler_Table_Limit
00000369  __TI_auto_init          
20000008  __TI_cleanup_ptr        
0000054d  __TI_decompress_none    
00000567  __TI_decompress_rle24   
2000000c  __TI_dtors_ptr          
00000000  __TI_static_base__      
000002ed  __aeabi_memclr          
000002ed  __aeabi_memclr4         
000002ed  __aeabi_memclr8         
00000251  __aeabi_memcpy          
00000251  __aeabi_memcpy4         
00000251  __aeabi_memcpy8         
000002ef  __aeabi_memset          
000002ef  __aeabi_memset4         
000002ef  __aeabi_memset8         
ffffffff  __binit__               
ffffffff  __c_args__              
2000fe00  __stack                 
00000521  _args_main              
00000441  _c_int00                
20000000  _lock                   
00000547  _nop                    
0000053f  _register_lock          
00000539  _register_unlock        
0000056d  _system_pre_init        
20000004  _unlock                 
000004e1  abort                   
ffffffff  binit                   
00000491  copy_in                 
000004e9  exit                    
00000000  interruptVectors        
00000141  main                    
20000010  main_func_sp            
00000251  memcpy                  
000002f5  memset                  


GLOBAL SYMBOLS: SORTED BY Symbol Address 

address   name                    
-------   ----                    
00000000  __TI_static_base__      
00000000  interruptVectors        
00000141  main                    
000001f5  ADC14IsrHandler         
00000200  __STACK_SIZE            
00000251  __aeabi_memcpy          
00000251  __aeabi_memcpy4         
00000251  __aeabi_memcpy8         
00000251  memcpy                  
000002ed  __aeabi_memclr          
000002ed  __aeabi_memclr4         
000002ed  __aeabi_memclr8         
000002ef  __aeabi_memset          
000002ef  __aeabi_memset4         
000002ef  __aeabi_memset8         
000002f5  memset                  
00000369  __TI_auto_init          
00000441  _c_int00                
00000491  copy_in                 
000004dd  C$$EXIT                 
000004e1  abort                   
000004e9  exit                    
00000521  _args_main              
00000539  _register_unlock        
0000053f  _register_lock          
00000547  _nop                    
0000054d  __TI_decompress_none    
00000567  __TI_decompress_rle24   
0000056d  _system_pre_init        
00000580  __TI_Handler_Table_Base 
00000588  __TI_CINIT_Base         
00000588  __TI_Handler_Table_Limit
00000590  __TI_CINIT_Limit        
20000000  _lock                   
20000004  _unlock                 
20000008  __TI_cleanup_ptr        
2000000c  __TI_dtors_ptr          
20000010  main_func_sp            
2000fe00  __stack                 
20010000  __STACK_END             
4000480c  WDTCTL_SYM              
ffffffff  __binit__               
ffffffff  __c_args__              
ffffffff  binit                   
UNDEFED   SHT$$INIT_ARRAY$$Base   
UNDEFED   SHT$$INIT_ARRAY$$Limit  

[46 symbols]
